Archive member included because of file (symbol)

..\..\..\..\bin\framework\peripheral\PIC32MX795F512L_peripherals.a(plib_eth_lib.o)
                              build/Diplomamunka/production/_ext/1908841681/drv_ethmac.o (PLIB_ETH_MACSetAddress)

Optional file libmchp_peripheral.a not found

Optional file libmchp_peripheral_32MX795F512L.a not found
c:/program files (x86)/microchip/xc32/v1.42/bin/bin/../../lib/gcc/pic32mx/4.8.3\libgcc.a(_udivdi3.o)
                              build/Diplomamunka/production/_ext/1886890887/tfm.o (__udivdi3)
c:/program files (x86)/microchip/xc32/v1.42/bin/bin/../../lib/gcc/pic32mx/4.8.3\libgcc.a(floatunsisf.o)
                              build/Diplomamunka/production/_ext/1360937237/fan.o (__floatunsisf)
c:/program files (x86)/microchip/xc32/v1.42/bin/bin/../../lib/gcc/pic32mx/4.8.3/../../../../pic32mx/lib\libpic32.a(memcmp.o)
                              build/Diplomamunka/production/_ext/1886890887/asn.o (memcmp)
c:/program files (x86)/microchip/xc32/v1.42/bin/bin/../../lib/gcc/pic32mx/4.8.3/../../../../pic32mx/lib\libpic32.a(memcpy.o)
                              build/Diplomamunka/production/_ext/1606841020/deflate.o (memcpy)
c:/program files (x86)/microchip/xc32/v1.42/bin/bin/../../lib/gcc/pic32mx/4.8.3/../../../../pic32mx/lib\libpic32.a(memset.o)
                              build/Diplomamunka/production/_ext/1360937237/app.o (memset)
c:/program files (x86)/microchip/xc32/v1.42/bin/bin/../../lib/gcc/pic32mx/4.8.3/../../../../pic32mx/lib\libpic32.a(strcmp.o)
                              build/Diplomamunka/production/_ext/1408260596/dns.o (strcmp)
c:/program files (x86)/microchip/xc32/v1.42/bin/bin/../../lib/gcc/pic32mx/4.8.3/../../../../pic32mx/lib\libpic32.a(strcpy.o)
                              build/Diplomamunka/production/_ext/1408260596/tcpip_helpers.o (strcpy)
c:/program files (x86)/microchip/xc32/v1.42/bin/bin/../../lib/gcc/pic32mx/4.8.3/../../../../pic32mx/lib\libpic32.a(strlen.o)
                              build/Diplomamunka/production/_ext/1360937237/app.o (strlen)
c:/program files (x86)/microchip/xc32/v1.42/bin/bin/../../lib/gcc/pic32mx/4.8.3/../../../../pic32mx/lib\libpic32.a(default-bootstrap-exception-handler.o)
                              c:/program files (x86)/microchip/xc32/v1.42/bin/bin/../../lib/gcc/pic32mx/4.8.3/../../../../pic32mx/lib/./proc/32MX795F512L/crt0_mips32r2.o (_bootstrap_exception_handler)
c:/program files (x86)/microchip/xc32/v1.42/bin/bin/../../lib/gcc/pic32mx/4.8.3/../../../../pic32mx/lib\libpic32.a(default-on-reset.o)
                              c:/program files (x86)/microchip/xc32/v1.42/bin/bin/../../lib/gcc/pic32mx/4.8.3/../../../../pic32mx/lib/./proc/32MX795F512L/crt0_mips32r2.o (_on_reset)
c:/program files (x86)/microchip/xc32/v1.42/bin/bin/../../lib/gcc/pic32mx/4.8.3/../../../../pic32mx/lib\libpic32.a(default-on-bootstrap.o)
                              c:/program files (x86)/microchip/xc32/v1.42/bin/bin/../../lib/gcc/pic32mx/4.8.3/../../../../pic32mx/lib/./proc/32MX795F512L/crt0_mips32r2.o (_on_bootstrap)
c:/program files (x86)/microchip/xc32/v1.42/bin/bin/../../lib/gcc/pic32mx/4.8.3/../../../../pic32mx/lib\libpic32.a(default-nmi-handler.o)
                              c:/program files (x86)/microchip/xc32/v1.42/bin/bin/../../lib/gcc/pic32mx/4.8.3/../../../../pic32mx/lib/./proc/32MX795F512L/crt0_mips32r2.o (_nmi_handler)
c:/program files (x86)/microchip/xc32/v1.42/bin/bin/../../lib/gcc/pic32mx/4.8.3/../../../../pic32mx/lib\libpic32.a(general-exception.o)
                              c:/program files (x86)/microchip/xc32/v1.42/bin/bin/../../lib/gcc/pic32mx/4.8.3/../../../../pic32mx/lib/./proc/32MX795F512L/crt0_mips32r2.o (_general_exception_context)
c:/program files (x86)/microchip/xc32/v1.42/bin/bin/../../lib/gcc/pic32mx/4.8.3/../../../../pic32mx/lib\libpic32.a(vector0.o)
                              c:/program files (x86)/microchip/xc32/v1.42/bin/bin/../../lib/gcc/pic32mx/4.8.3/../../../../pic32mx/lib/./proc/32MX795F512L\default_isr_vectors.o (__vector_dispatch_0)
c:/program files (x86)/microchip/xc32/v1.42/bin/bin/../../lib/gcc/pic32mx/4.8.3/../../../../pic32mx/lib\libpic32.a(vector1.o)
                              c:/program files (x86)/microchip/xc32/v1.42/bin/bin/../../lib/gcc/pic32mx/4.8.3/../../../../pic32mx/lib/./proc/32MX795F512L\default_isr_vectors.o (__vector_dispatch_1)
c:/program files (x86)/microchip/xc32/v1.42/bin/bin/../../lib/gcc/pic32mx/4.8.3/../../../../pic32mx/lib\libpic32.a(vector2.o)
                              c:/program files (x86)/microchip/xc32/v1.42/bin/bin/../../lib/gcc/pic32mx/4.8.3/../../../../pic32mx/lib/./proc/32MX795F512L\default_isr_vectors.o (__vector_dispatch_2)
c:/program files (x86)/microchip/xc32/v1.42/bin/bin/../../lib/gcc/pic32mx/4.8.3/../../../../pic32mx/lib\libpic32.a(vector3.o)
[...]
Memory Configuration

Name             Origin             Length             Attributes
kseg0_program_mem 0x9d000000         0x00080000         xr
kseg0_boot_mem   0x9fc00490         0x00000970
exception_mem    0x9fc01000         0x00001000
kseg1_boot_mem   0xbfc00000         0x00000490
debug_exec_mem   0xbfc02000         0x00000ff0
config3          0xbfc02ff0         0x00000004
config2          0xbfc02ff4         0x00000004
config1          0xbfc02ff8         0x00000004
config0          0xbfc02ffc         0x00000004
kseg1_data_mem   0xa0000000         0x00020000         w !x
sfrs             0xbf800000         0x00100000
configsfrs       0xbfc02ff0         0x00000010
*default*        0x00000000         0xffffffff

Linker script and memory map

LOAD c:/program files (x86)/microchip/xc32/v1.42/bin/bin/../../lib/gcc/pic32mx/4.8.3/../../../../pic32mx/lib/./proc/32MX795F512L/crt0_mips32r2.o
LOAD c:/program files (x86)/microchip/xc32/v1.42/bin/bin/../../lib/gcc/pic32mx/4.8.3/../../../../pic32mx/lib\debug-exception-return.o
LOAD build/Diplomamunka/production/_ext/1774832663/drv_i2c_static_buffer_model.o
LOAD build/Diplomamunka/production/_ext/1774832663/drv_i2c_mapping.o
LOAD build/Diplomamunka/production/_ext/793758023/drv_ic_static.o
LOAD build/Diplomamunka/production/_ext/965532929/drv_oc_static.o
LOAD build/Diplomamunka/production/_ext/1892475994/sys_clk_static.o
LOAD build/Diplomamunka/production/_ext/904121046/sys_ports_static.o
LOAD build/Diplomamunka/production/_ext/1720293489/system_init.o
LOAD build/Diplomamunka/production/_ext/1720293489/system_interrupt.o
LOAD build/Diplomamunka/production/_ext/1720293489/system_exceptions.o
LOAD build/Diplomamunka/production/_ext/1720293489/system_tasks.o
LOAD build/Diplomamunka/production/_ext/1360937237/app.o
LOAD build/Diplomamunka/production/_ext/1360937237/main.o
LOAD build/Diplomamunka/production/_ext/1360937237/TCPServer.o
LOAD build/Diplomamunka/production/_ext/1360937237/fan.o
LOAD build/Diplomamunka/production/_ext/1360937237/led.o
LOAD build/Diplomamunka/production/_ext/1837361561/bsp_sys_init.o
LOAD build/Diplomamunka/production/_ext/1606841020/adler32.o
LOAD build/Diplomamunka/production/_ext/1606841020/compress.o
LOAD build/Diplomamunka/production/_ext/1606841020/crc32.o
LOAD build/Diplomamunka/production/_ext/1606841020/deflate.o
LOAD build/Diplomamunka/production/_ext/1606841020/infback.o
LOAD build/Diplomamunka/production/_ext/1606841020/inffast.o
LOAD build/Diplomamunka/production/_ext/1606841020/inflate.o
LOAD build/Diplomamunka/production/_ext/1606841020/inftrees.o
LOAD build/Diplomamunka/production/_ext/1606841020/trees.o
LOAD build/Diplomamunka/production/_ext/1606841020/uncompr.o
LOAD build/Diplomamunka/production/_ext/1606841020/zutil.o
LOAD build/Diplomamunka/production/_ext/1886890887/ecc.o
LOAD build/Diplomamunka/production/_ext/1886890887/ssl-dummy.o
LOAD build/Diplomamunka/production/_ext/1886890887/arc4.o
LOAD build/Diplomamunka/production/_ext/1886890887/pwdbased.o
LOAD build/Diplomamunka/production/_ext/1886890887/tfm.o
LOAD build/Diplomamunka/production/_ext/1886890887/asn.o
LOAD build/Diplomamunka/production/_ext/1886890887/des3.o
LOAD build/Diplomamunka/production/_ext/1886890887/rsa.o
LOAD build/Diplomamunka/production/_ext/1886890887/aes.o
LOAD build/Diplomamunka/production/_ext/1886890887/md5.o
LOAD build/Diplomamunka/production/_ext/1886890887/sha.o
LOAD build/Diplomamunka/production/_ext/1886890887/sha256.o
LOAD build/Diplomamunka/production/_ext/1886890887/sha512.o
LOAD build/Diplomamunka/production/_ext/1886890887/hmac.o
LOAD build/Diplomamunka/production/_ext/1886890887/hash.o
LOAD build/Diplomamunka/production/_ext/1886890887/compress.o
LOAD build/Diplomamunka/production/_ext/1886890887/random.o
LOAD build/Diplomamunka/production/_ext/1886890887/crypto.o
LOAD build/Diplomamunka/production/_ext/1886890887/coding.o
LOAD build/Diplomamunka/production/_ext/1886890887/error.o
LOAD build/Diplomamunka/production/_ext/1886890887/integer.o
LOAD build/Diplomamunka/production/_ext/1886890887/logging.o
LOAD build/Diplomamunka/production/_ext/1886890887/memory.o
LOAD build/Diplomamunka/production/_ext/1886890887/misc.o
LOAD build/Diplomamunka/production/_ext/1886890887/port.o
LOAD build/Diplomamunka/production/_ext/1908841681/drv_ethmac.o
LOAD build/Diplomamunka/production/_ext/1908841681/drv_ethmac_lib.o
LOAD build/Diplomamunka/production/_ext/732687875/drv_ethphy.o
LOAD build/Diplomamunka/production/_ext/732687875/drv_extphy_dp83848.o
LOAD build/Diplomamunka/production/_ext/185269848/drv_tmr.o
LOAD build/Diplomamunka/production/_ext/1271179505/sys_devcon.o
LOAD build/Diplomamunka/production/_ext/1271179505/sys_devcon_pic32mx.o
LOAD build/Diplomamunka/production/_ext/122796885/sys_int_pic32.o
LOAD build/Diplomamunka/production/_ext/77319752/sys_ports.o
LOAD build/Diplomamunka/production/_ext/1283840359/sys_random.o
LOAD build/Diplomamunka/production/_ext/1264926591/sys_tmr.o
LOAD build/Diplomamunka/production/_ext/1136935090/helpers.o
LOAD build/Diplomamunka/production/_ext/1136935090/lfsr.o
LOAD build/Diplomamunka/production/_ext/1408260596/tcp.o
LOAD build/Diplomamunka/production/_ext/1408260596/udp.o
LOAD build/Diplomamunka/production/_ext/1408260596/tcpip_heap_alloc.o
LOAD build/Diplomamunka/production/_ext/1408260596/tcpip_heap_internal.o
LOAD build/Diplomamunka/production/_ext/1408260596/arp.o
LOAD build/Diplomamunka/production/_ext/1408260596/dhcp.o
LOAD build/Diplomamunka/production/_ext/1408260596/dns.o
LOAD build/Diplomamunka/production/_ext/1408260596/icmp.o
LOAD build/Diplomamunka/production/_ext/1408260596/tcpip_announce.o
LOAD build/Diplomamunka/production/_ext/1408260596/hash_fnv.o
LOAD build/Diplomamunka/production/_ext/1408260596/oahash.o
LOAD build/Diplomamunka/production/_ext/1408260596/tcpip_helpers.o
LOAD build/Diplomamunka/production/_ext/1408260596/tcpip_helper_c32.o
LOAD build/Diplomamunka/production/_ext/1408260596/tcpip_manager.o
LOAD build/Diplomamunka/production/_ext/1408260596/tcpip_notify.o
LOAD build/Diplomamunka/production/_ext/1408260596/tcpip_packet.o
LOAD build/Diplomamunka/production/_ext/1408260596/ipv4.o
LOAD ..\..\..\..\bin\framework\peripheral\PIC32MX795F512L_peripherals.a
                0x00000001                __MPLAB_BUILD = 0x1
                0x0000afa0                _min_heap_size = 0xafa0
LOAD c:/program files (x86)/microchip/xc32/v1.42/bin/bin/../../lib/gcc/pic32mx/4.8.3/../../../../pic32mx/lib/./proc/32MX795F512L\default_isr_vectors.o
LOAD c:/program files (x86)/microchip/xc32/v1.42/bin/bin/../../lib/gcc/pic32mx/4.8.3/../../../../pic32mx/lib\pic32_software_reset.o
                0x00000400                PROVIDE (_min_stack_size, 0x400)
LOAD c:/program files (x86)/microchip/xc32/v1.42/bin/bin/../../lib/gcc/pic32mx/4.8.3/../../../../pic32mx/lib/./proc/32MX795F512L\processor.o
START GROUP
LOAD libmchp_peripheral.a
END GROUP
START GROUP
LOAD libmchp_peripheral_32MX795F512L.a
END GROUP
                0x00000001                PROVIDE (_vector_spacing, 0x1)
                0x9fc01000                PROVIDE (_ebase_address, 0x9fc01000)
                0xbfc00000                _RESET_ADDR = 0xbfc00000
                0xbfc00380                _BEV_EXCPT_ADDR = 0xbfc00380
                0xbfc00480                _DBG_EXCPT_ADDR = 0xbfc00480
                0xbfc02000                _DBG_CODE_ADDR = 0xbfc02000
                0x00000ff0                _DBG_CODE_SIZE = 0xff0
                0x9fc01180                _GEN_EXCPT_ADDR = (_ebase_address + 0x180)

.config_BFC02FF0
                0xbfc02ff0        0x4
 *(.config_BFC02FF0)
 .config_BFC02FF0
                0xbfc02ff0        0x4 build/Diplomamunka/production/_ext/1720293489/system_init.o

.config_BFC02FF4
                0xbfc02ff4        0x4
 *(.config_BFC02FF4)
 .config_BFC02FF4
                0xbfc02ff4        0x4 build/Diplomamunka/production/_ext/1720293489/system_init.o

.config_BFC02FF8
                0xbfc02ff8        0x4
 *(.config_BFC02FF8)
 .config_BFC02FF8
                0xbfc02ff8        0x4 build/Diplomamunka/production/_ext/1720293489/system_init.o

.config_BFC02FFC
                0xbfc02ffc        0x4
 *(.config_BFC02FFC)
 .config_BFC02FFC
                0xbfc02ffc        0x4 build/Diplomamunka/production/_ext/1720293489/system_init.o
                0xbfc02000                PROVIDE (_DBG_CODE_ADDR, 0xbfc02000)
                0x00000ff0                PROVIDE (_DBG_CODE_SIZE, 0xff0)

.reset          0xbfc00000      0x208
 *(.reset)
 .reset         0xbfc00000        0x8 c:/program files (x86)/microchip/xc32/v1.42/bin/bin/../../lib/gcc/pic32mx/4.8.3/../../../../pic32mx/lib/./proc/32MX795F512L/crt0_mips32r2.o
                0xbfc00000                _reset
 *(.reset.startup)
 .reset.startup
                0xbfc00008      0x200 c:/program files (x86)/microchip/xc32/v1.42/bin/bin/../../lib/gcc/pic32mx/4.8.3/../../../../pic32mx/lib/./proc/32MX795F512L/crt0_mips32r2.o

.bev_excpt      0xbfc00380       0x10
 *(.bev_handler)
 .bev_handler   0xbfc00380       0x10 c:/program files (x86)/microchip/xc32/v1.42/bin/bin/../../lib/gcc/pic32mx/4.8.3/../../../../pic32mx/lib/./proc/32MX795F512L/crt0_mips32r2.o

.dbg_excpt      0xbfc00480        0x0
                0xbfc00480                . = (. + DEFINED (_DEBUGGER)?0x8:0x0)

.dbg_code       0xbfc02000        0x0
                0xbfc02000                . = (. + DEFINED (_DEBUGGER)?_DBG_CODE_SIZE:0x0)

.app_excpt      0x9fc01180       0x10
 *(.gen_handler)
 .gen_handler   0x9fc01180       0x10 c:/program files (x86)/microchip/xc32/v1.42/bin/bin/../../lib/gcc/pic32mx/4.8.3/../../../../pic32mx/lib/./proc/32MX795F512L/crt0_mips32r2.o

.vector_0       0x9fc01200        0x8
 *(.vector_0)
 .vector_0      0x9fc01200        0x8 c:/program files (x86)/microchip/xc32/v1.42/bin/bin/../../lib/gcc/pic32mx/4.8.3/../../../../pic32mx/lib\libpic32.a(vector0.o)
                0x9fc01200                __vector_dispatch_0
                0x00000001                ASSERT (((_vector_spacing == 0x0) || (SIZEOF (.vector_0) <= (_vector_spacing << 0x5))), function at exception vector 0 too large)

.vector_1       0x9fc01220        0x8
 *(.vector_1)
 .vector_1      0x9fc01220        0x8 c:/program files (x86)/microchip/xc32/v1.42/bin/bin/../../lib/gcc/pic32mx/4.8.3/../../../../pic32mx/lib\libpic32.a(vector1.o)
                0x9fc01220                __vector_dispatch_1
                0x00000001                ASSERT (((_vector_spacing == 0x0) || (SIZEOF (.vector_1) <= (_vector_spacing << 0x5))), function at exception vector 1 too large)

.vector_2       0x9fc01240        0x8
 *(.vector_2)
 .vector_2      0x9fc01240        0x8 c:/program files (x86)/microchip/xc32/v1.42/bin/bin/../../lib/gcc/pic32mx/4.8.3/../../../../pic32mx/lib\libpic32.a(vector2.o)
                0x9fc01240                __vector_dispatch_2
                0x00000001                ASSERT (((_vector_spacing == 0x0) || (SIZEOF (.vector_2) <= (_vector_spacing << 0x5))), function at exception vector 2 too large)

.vector_3       0x9fc01260        0x8
 *(.vector_3)
 .vector_3      0x9fc01260        0x8 c:/program files (x86)/microchip/xc32/v1.42/bin/bin/../../lib/gcc/pic32mx/4.8.3/../../../../pic32mx/lib\libpic32.a(vector3.o)
                0x9fc01260                __vector_dispatch_3
                0x00000001                ASSERT (((_vector_spacing == 0x0) || (SIZEOF (.vector_3) <= (_vector_spacing << 0x5))), function at exception vector 3 too large)

.vector_4       0x9fc01280        0x8
 *(.vector_4)
 .vector_4      0x9fc01280        0x8 build/Diplomamunka/production/_ext/1720293489/system_interrupt.o
                0x9fc01280                __vector_dispatch_4
                0x00000001                ASSERT (((_vector_spacing == 0x0) || (SIZEOF (.vector_4) <= (_vector_spacing << 0x5))), function at exception vector 4 too large)

.vector_5       0x9fc012a0        0x8
 *(.vector_5)
 .vector_5      0x9fc012a0        0x8 c:/program files (x86)/microchip/xc32/v1.42/bin/bin/../../lib/gcc/pic32mx/4.8.3/../../../../pic32mx/lib\libpic32.a(vector5.o)
                0x9fc012a0                __vector_dispatch_5
                0x00000001                ASSERT (((_vector_spacing == 0x0) || (SIZEOF (.vector_5) <= (_vector_spacing << 0x5))), function at exception vector 5 too large)

.vector_6       0x9fc012c0        0x8
 *(.vector_6)
 .vector_6      0x9fc012c0        0x8 c:/program files (x86)/microchip/xc32/v1.42/bin/bin/../../lib/gcc/pic32mx/4.8.3/../../../../pic32mx/lib\libpic32.a(vector6.o)
                0x9fc012c0                __vector_dispatch_6
                0x00000001                ASSERT (((_vector_spacing == 0x0) || (SIZEOF (.vector_6) <= (_vector_spacing << 0x5))), function at exception vector 6 too large)

.vector_7       0x9fc012e0        0x8
 *(.vector_7)
 .vector_7      0x9fc012e0        0x8 c:/program files (x86)/microchip/xc32/v1.42/bin/bin/../../lib/gcc/pic32mx/4.8.3/../../../../pic32mx/lib\libpic32.a(vector7.o)
                0x9fc012e0                __vector_dispatch_7
                0x00000001                ASSERT (((_vector_spacing == 0x0) || (SIZEOF (.vector_7) <= (_vector_spacing << 0x5))), function at exception vector 7 too large)

.vector_8       0x9fc01300        0x8
 *(.vector_8)
 .vector_8      0x9fc01300        0x8 build/Diplomamunka/production/_ext/1720293489/system_interrupt.o
                0x9fc01300                __vector_dispatch_8
                0x00000001                ASSERT (((_vector_spacing == 0x0) || (SIZEOF (.vector_8) <= (_vector_spacing << 0x5))), function at exception vector 8 too large)

.vector_9       0x9fc01320        0x8
 *(.vector_9)
 .vector_9      0x9fc01320        0x8 c:/program files (x86)/microchip/xc32/v1.42/bin/bin/../../lib/gcc/pic32mx/4.8.3/../../../../pic32mx/lib\libpic32.a(vector9.o)
                0x9fc01320                __vector_dispatch_9
                0x00000001                ASSERT (((_vector_spacing == 0x0) || (SIZEOF (.vector_9) <= (_vector_spacing << 0x5))), function at exception vector 9 too large)

.vector_10      0x9fc01340        0x8
 *(.vector_10)
 .vector_10     0x9fc01340        0x8 c:/program files (x86)/microchip/xc32/v1.42/bin/bin/../../lib/gcc/pic32mx/4.8.3/../../../../pic32mx/lib\libpic32.a(vector10.o)
                0x9fc01340                __vector_dispatch_10
                0x00000001                ASSERT (((_vector_spacing == 0x0) || (SIZEOF (.vector_10) <= (_vector_spacing << 0x5))), function at exception vector 10 too large)

.vector_11      0x9fc01360        0x8
 *(.vector_11)
 .vector_11     0x9fc01360        0x8 c:/program files (x86)/microchip/xc32/v1.42/bin/bin/../../lib/gcc/pic32mx/4.8.3/../../../../pic32mx/lib\libpic32.a(vector11.o)
                0x9fc01360                __vector_dispatch_11
                0x00000001                ASSERT (((_vector_spacing == 0x0) || (SIZEOF (.vector_11) <= (_vector_spacing << 0x5))), function at exception vector 11 too large)

.vector_12      0x9fc01380        0x8
 *(.vector_12)
 .vector_12     0x9fc01380        0x8 build/Diplomamunka/production/_ext/1720293489/system_interrupt.o
                0x9fc01380                __vector_dispatch_12
                0x00000001                ASSERT (((_vector_spacing == 0x0) || (SIZEOF (.vector_12) <= (_vector_spacing << 0x5))), function at exception vector 12 too large)

.vector_13      0x9fc013a0        0x8
 *(.vector_13)
 .vector_13     0x9fc013a0        0x8 build/Diplomamunka/production/_ext/1720293489/system_interrupt.o
                0x9fc013a0                __vector_dispatch_13
                0x00000001                ASSERT (((_vector_spacing == 0x0) || (SIZEOF (.vector_13) <= (_vector_spacing << 0x5))), function at exception vector 13 too large)

.vector_14      0x9fc013c0        0x8
 *(.vector_14)
 .vector_14     0x9fc013c0        0x8 c:/program files (x86)/microchip/xc32/v1.42/bin/bin/../../lib/gcc/pic32mx/4.8.3/../../../../pic32mx/lib\libpic32.a(vector14.o)
                0x9fc013c0                __vector_dispatch_14
                0x00000001                ASSERT (((_vector_spacing == 0x0) || (SIZEOF (.vector_14) <= (_vector_spacing << 0x5))), function at exception vector 14 too large)

.vector_15      0x9fc013e0        0x8
 *(.vector_15)
 .vector_15     0x9fc013e0        0x8 c:/program files (x86)/microchip/xc32/v1.42/bin/bin/../../lib/gcc/pic32mx/4.8.3/../../../../pic32mx/lib\libpic32.a(vector15.o)
                0x9fc013e0                __vector_dispatch_15
                0x00000001                ASSERT (((_vector_spacing == 0x0) || (SIZEOF (.vector_15) <= (_vector_spacing << 0x5))), function at exception vector 15 too large)

.vector_16      0x9fc01400        0x8
 *(.vector_16)
 .vector_16     0x9fc01400        0x8 c:/program files (x86)/microchip/xc32/v1.42/bin/bin/../../lib/gcc/pic32mx/4.8.3/../../../../pic32mx/lib\libpic32.a(vector16.o)
                0x9fc01400                __vector_dispatch_16
                0x00000001                ASSERT (((_vector_spacing == 0x0) || (SIZEOF (.vector_16) <= (_vector_spacing << 0x5))), function at exception vector 16 too large)

.vector_17      0x9fc01420        0x8
 *(.vector_17)
 .vector_17     0x9fc01420        0x8 c:/program files (x86)/microchip/xc32/v1.42/bin/bin/../../lib/gcc/pic32mx/4.8.3/../../../../pic32mx/lib\libpic32.a(vector17.o)
                0x9fc01420                __vector_dispatch_17
                0x00000001                ASSERT (((_vector_spacing == 0x0) || (SIZEOF (.vector_17) <= (_vector_spacing << 0x5))), function at exception vector 17 too large)

.vector_18      0x9fc01440        0x8
 *(.vector_18)
 .vector_18     0x9fc01440        0x8 c:/program files (x86)/microchip/xc32/v1.42/bin/bin/../../lib/gcc/pic32mx/4.8.3/../../../../pic32mx/lib\libpic32.a(vector18.o)
                0x9fc01440                __vector_dispatch_18
                0x00000001                ASSERT (((_vector_spacing == 0x0) || (SIZEOF (.vector_18) <= (_vector_spacing << 0x5))), function at exception vector 18 too large)

.vector_19      0x9fc01460        0x8
 *(.vector_19)
 .vector_19     0x9fc01460        0x8 c:/program files (x86)/microchip/xc32/v1.42/bin/bin/../../lib/gcc/pic32mx/4.8.3/../../../../pic32mx/lib\libpic32.a(vector19.o)
                0x9fc01460                __vector_dispatch_19
                0x00000001                ASSERT (((_vector_spacing == 0x0) || (SIZEOF (.vector_19) <= (_vector_spacing << 0x5))), function at exception vector 19 too large)

.vector_20      0x9fc01480        0x8
 *(.vector_20)
 .vector_20     0x9fc01480        0x8 c:/program files (x86)/microchip/xc32/v1.42/bin/bin/../../lib/gcc/pic32mx/4.8.3/../../../../pic32mx/lib\libpic32.a(vector20.o)
                0x9fc01480                __vector_dispatch_20
                0x00000001                ASSERT (((_vector_spacing == 0x0) || (SIZEOF (.vector_20) <= (_vector_spacing << 0x5))), function at exception vector 20 too large)

.vector_21      0x9fc014a0        0x8
 *(.vector_21)
 .vector_21     0x9fc014a0        0x8 build/Diplomamunka/production/_ext/1720293489/system_interrupt.o
                0x9fc014a0                __vector_dispatch_21
                0x00000001                ASSERT (((_vector_spacing == 0x0) || (SIZEOF (.vector_21) <= (_vector_spacing << 0x5))), function at exception vector 21 too large)

.vector_22      0x9fc014c0        0x8
 *(.vector_22)
 .vector_22     0x9fc014c0        0x8 c:/program files (x86)/microchip/xc32/v1.42/bin/bin/../../lib/gcc/pic32mx/4.8.3/../../../../pic32mx/lib\libpic32.a(vector22.o)
                0x9fc014c0                __vector_dispatch_22
                0x00000001                ASSERT (((_vector_spacing == 0x0) || (SIZEOF (.vector_22) <= (_vector_spacing << 0x5))), function at exception vector 22 too large)

.vector_23      0x9fc014e0        0x8
 *(.vector_23)
 .vector_23     0x9fc014e0        0x8 c:/program files (x86)/microchip/xc32/v1.42/bin/bin/../../lib/gcc/pic32mx/4.8.3/../../../../pic32mx/lib\libpic32.a(vector23.o)
                0x9fc014e0                __vector_dispatch_23
                0x00000001                ASSERT (((_vector_spacing == 0x0) || (SIZEOF (.vector_23) <= (_vector_spacing << 0x5))), function at exception vector 23 too large)

.vector_24      0x9fc01500        0x8
 *(.vector_24)
 .vector_24     0x9fc01500        0x8 c:/program files (x86)/microchip/xc32/v1.42/bin/bin/../../lib/gcc/pic32mx/4.8.3/../../../../pic32mx/lib\libpic32.a(vector24.o)
                0x9fc01500                __vector_dispatch_24
                0x00000001                ASSERT (((_vector_spacing == 0x0) || (SIZEOF (.vector_24) <= (_vector_spacing << 0x5))), function at exception vector 24 too large)

.vector_25      0x9fc01520        0x8
 *(.vector_25)
 .vector_25     0x9fc01520        0x8 c:/program files (x86)/microchip/xc32/v1.42/bin/bin/../../lib/gcc/pic32mx/4.8.3/../../../../pic32mx/lib\libpic32.a(vector25.o)
                0x9fc01520                __vector_dispatch_25
                0x00000001                ASSERT (((_vector_spacing == 0x0) || (SIZEOF (.vector_25) <= (_vector_spacing << 0x5))), function at exception vector 25 too large)

.vector_26      0x9fc01540        0x8
 *(.vector_26)
 .vector_26     0x9fc01540        0x8 c:/program files (x86)/microchip/xc32/v1.42/bin/bin/../../lib/gcc/pic32mx/4.8.3/../../../../pic32mx/lib\libpic32.a(vector26.o)
                0x9fc01540                __vector_dispatch_26
                0x00000001                ASSERT (((_vector_spacing == 0x0) || (SIZEOF (.vector_26) <= (_vector_spacing << 0x5))), function at exception vector 26 too large)

.vector_27      0x9fc01560        0x8
 *(.vector_27)
 .vector_27     0x9fc01560        0x8 c:/program files (x86)/microchip/xc32/v1.42/bin/bin/../../lib/gcc/pic32mx/4.8.3/../../../../pic32mx/lib\libpic32.a(vector27.o)
                0x9fc01560                __vector_dispatch_27
                0x00000001                ASSERT (((_vector_spacing == 0x0) || (SIZEOF (.vector_27) <= (_vector_spacing << 0x5))), function at exception vector 27 too large)

.vector_28      0x9fc01580        0x8
 *(.vector_28)
 .vector_28     0x9fc01580        0x8 c:/program files (x86)/microchip/xc32/v1.42/bin/bin/../../lib/gcc/pic32mx/4.8.3/../../../../pic32mx/lib\libpic32.a(vector28.o)
                0x9fc01580                __vector_dispatch_28
                0x00000001                ASSERT (((_vector_spacing == 0x0) || (SIZEOF (.vector_28) <= (_vector_spacing << 0x5))), function at exception vector 28 too large)

.vector_29      0x9fc015a0        0x8
 *(.vector_29)
 .vector_29     0x9fc015a0        0x8 c:/program files (x86)/microchip/xc32/v1.42/bin/bin/../../lib/gcc/pic32mx/4.8.3/../../../../pic32mx/lib\libpic32.a(vector29.o)
                0x9fc015a0                __vector_dispatch_29
                0x00000001                ASSERT (((_vector_spacing == 0x0) || (SIZEOF (.vector_29) <= (_vector_spacing << 0x5))), function at exception vector 29 too large)

.vector_30      0x9fc015c0        0x8
 *(.vector_30)
 .vector_30     0x9fc015c0        0x8 c:/program files (x86)/microchip/xc32/v1.42/bin/bin/../../lib/gcc/pic32mx/4.8.3/../../../../pic32mx/lib\libpic32.a(vector30.o)
                0x9fc015c0                __vector_dispatch_30
                0x00000001                ASSERT (((_vector_spacing == 0x0) || (SIZEOF (.vector_30) <= (_vector_spacing << 0x5))), function at exception vector 30 too large)

.vector_31      0x9fc015e0        0x8
 *(.vector_31)
 .vector_31     0x9fc015e0        0x8 c:/program files (x86)/microchip/xc32/v1.42/bin/bin/../../lib/gcc/pic32mx/4.8.3/../../../../pic32mx/lib\libpic32.a(vector31.o)
                0x9fc015e0                __vector_dispatch_31
                0x00000001                ASSERT (((_vector_spacing == 0x0) || (SIZEOF (.vector_31) <= (_vector_spacing << 0x5))), function at exception vector 31 too large)

.vector_32      0x9fc01600        0x8
 *(.vector_32)
 .vector_32     0x9fc01600        0x8 c:/program files (x86)/microchip/xc32/v1.42/bin/bin/../../lib/gcc/pic32mx/4.8.3/../../../../pic32mx/lib\libpic32.a(vector32.o)
                0x9fc01600                __vector_dispatch_32
                0x00000001                ASSERT (((_vector_spacing == 0x0) || (SIZEOF (.vector_32) <= (_vector_spacing << 0x5))), function at exception vector 32 too large)

.vector_33      0x9fc01620        0x8
 *(.vector_33)
 .vector_33     0x9fc01620        0x8 build/Diplomamunka/production/_ext/1720293489/system_interrupt.o
                0x9fc01620                __vector_dispatch_33
                0x00000001                ASSERT (((_vector_spacing == 0x0) || (SIZEOF (.vector_33) <= (_vector_spacing << 0x5))), function at exception vector 33 too large)

.vector_34      0x9fc01640        0x8
 *(.vector_34)
 .vector_34     0x9fc01640        0x8 c:/program files (x86)/microchip/xc32/v1.42/bin/bin/../../lib/gcc/pic32mx/4.8.3/../../../../pic32mx/lib\libpic32.a(vector34.o)
                0x9fc01640                __vector_dispatch_34
                0x00000001                ASSERT (((_vector_spacing == 0x0) || (SIZEOF (.vector_34) <= (_vector_spacing << 0x5))), function at exception vector 34 too large)

.vector_35      0x9fc01660        0x8
 *(.vector_35)
 .vector_35     0x9fc01660        0x8 c:/program files (x86)/microchip/xc32/v1.42/bin/bin/../../lib/gcc/pic32mx/4.8.3/../../../../pic32mx/lib\libpic32.a(vector35.o)
                0x9fc01660                __vector_dispatch_35
                0x00000001                ASSERT (((_vector_spacing == 0x0) || (SIZEOF (.vector_35) <= (_vector_spacing << 0x5))), function at exception vector 35 too large)

.vector_36      0x9fc01680        0x8
 *(.vector_36)
 .vector_36     0x9fc01680        0x8 c:/program files (x86)/microchip/xc32/v1.42/bin/bin/../../lib/gcc/pic32mx/4.8.3/../../../../pic32mx/lib\libpic32.a(vector36.o)
                0x9fc01680                __vector_dispatch_36
                0x00000001                ASSERT (((_vector_spacing == 0x0) || (SIZEOF (.vector_36) <= (_vector_spacing << 0x5))), function at exception vector 36 too large)

.vector_37      0x9fc016a0        0x8
 *(.vector_37)
 .vector_37     0x9fc016a0        0x8 c:/program files (x86)/microchip/xc32/v1.42/bin/bin/../../lib/gcc/pic32mx/4.8.3/../../../../pic32mx/lib\libpic32.a(vector37.o)
                0x9fc016a0                __vector_dispatch_37
                0x00000001                ASSERT (((_vector_spacing == 0x0) || (SIZEOF (.vector_37) <= (_vector_spacing << 0x5))), function at exception vector 37 too large)

.vector_38      0x9fc016c0        0x8
 *(.vector_38)
 .vector_38     0x9fc016c0        0x8 c:/program files (x86)/microchip/xc32/v1.42/bin/bin/../../lib/gcc/pic32mx/4.8.3/../../../../pic32mx/lib\libpic32.a(vector38.o)
                0x9fc016c0                __vector_dispatch_38
                0x00000001                ASSERT (((_vector_spacing == 0x0) || (SIZEOF (.vector_38) <= (_vector_spacing << 0x5))), function at exception vector 38 too large)

.vector_39      0x9fc016e0        0x8
 *(.vector_39)
 .vector_39     0x9fc016e0        0x8 c:/program files (x86)/microchip/xc32/v1.42/bin/bin/../../lib/gcc/pic32mx/4.8.3/../../../../pic32mx/lib\libpic32.a(vector39.o)
                0x9fc016e0                __vector_dispatch_39
                0x00000001                ASSERT (((_vector_spacing == 0x0) || (SIZEOF (.vector_39) <= (_vector_spacing << 0x5))), function at exception vector 39 too large)

.vector_40      0x9fc01700        0x8
 *(.vector_40)
 .vector_40     0x9fc01700        0x8 c:/program files (x86)/microchip/xc32/v1.42/bin/bin/../../lib/gcc/pic32mx/4.8.3/../../../../pic32mx/lib\libpic32.a(vector40.o)
                0x9fc01700                __vector_dispatch_40
                0x00000001                ASSERT (((_vector_spacing == 0x0) || (SIZEOF (.vector_40) <= (_vector_spacing << 0x5))), function at exception vector 40 too large)

.vector_41      0x9fc01720        0x8
 *(.vector_41)
 .vector_41     0x9fc01720        0x8 c:/program files (x86)/microchip/xc32/v1.42/bin/bin/../../lib/gcc/pic32mx/4.8.3/../../../../pic32mx/lib\libpic32.a(vector41.o)
                0x9fc01720                __vector_dispatch_41
                0x00000001                ASSERT (((_vector_spacing == 0x0) || (SIZEOF (.vector_41) <= (_vector_spacing << 0x5))), function at exception vector 41 too large)

.vector_42      0x9fc01740        0x8
 *(.vector_42)
 .vector_42     0x9fc01740        0x8 c:/program files (x86)/microchip/xc32/v1.42/bin/bin/../../lib/gcc/pic32mx/4.8.3/../../../../pic32mx/lib\libpic32.a(vector42.o)
                0x9fc01740                __vector_dispatch_42
                0x00000001                ASSERT (((_vector_spacing == 0x0) || (SIZEOF (.vector_42) <= (_vector_spacing << 0x5))), function at exception vector 42 too large)

.vector_43      0x9fc01760        0x8
 *(.vector_43)
 .vector_43     0x9fc01760        0x8 c:/program files (x86)/microchip/xc32/v1.42/bin/bin/../../lib/gcc/pic32mx/4.8.3/../../../../pic32mx/lib\libpic32.a(vector43.o)
                0x9fc01760                __vector_dispatch_43
                0x00000001                ASSERT (((_vector_spacing == 0x0) || (SIZEOF (.vector_43) <= (_vector_spacing << 0x5))), function at exception vector 43 too large)

.vector_44      0x9fc01780        0x8
 *(.vector_44)
 .vector_44     0x9fc01780        0x8 c:/program files (x86)/microchip/xc32/v1.42/bin/bin/../../lib/gcc/pic32mx/4.8.3/../../../../pic32mx/lib\libpic32.a(vector44.o)
                0x9fc01780                __vector_dispatch_44
                0x00000001                ASSERT (((_vector_spacing == 0x0) || (SIZEOF (.vector_44) <= (_vector_spacing << 0x5))), function at exception vector 44 too large)

.vector_45      0x9fc017a0        0x8
 *(.vector_45)
 .vector_45     0x9fc017a0        0x8 c:/program files (x86)/microchip/xc32/v1.42/bin/bin/../../lib/gcc/pic32mx/4.8.3/../../../../pic32mx/lib\libpic32.a(vector45.o)
                0x9fc017a0                __vector_dispatch_45
                0x00000001                ASSERT (((_vector_spacing == 0x0) || (SIZEOF (.vector_45) <= (_vector_spacing << 0x5))), function at exception vector 45 too large)

.vector_46      0x9fc017c0        0x8
 *(.vector_46)
 .vector_46     0x9fc017c0        0x8 c:/program files (x86)/microchip/xc32/v1.42/bin/bin/../../lib/gcc/pic32mx/4.8.3/../../../../pic32mx/lib\libpic32.a(vector46.o)
                0x9fc017c0                __vector_dispatch_46
                0x00000001                ASSERT (((_vector_spacing == 0x0) || (SIZEOF (.vector_46) <= (_vector_spacing << 0x5))), function at exception vector 46 too large)

.vector_47      0x9fc017e0        0x8
 *(.vector_47)
 .vector_47     0x9fc017e0        0x8 c:/program files (x86)/microchip/xc32/v1.42/bin/bin/../../lib/gcc/pic32mx/4.8.3/../../../../pic32mx/lib\libpic32.a(vector47.o)
                0x9fc017e0                __vector_dispatch_47
                0x00000001                ASSERT (((_vector_spacing == 0x0) || (SIZEOF (.vector_47) <= (_vector_spacing << 0x5))), function at exception vector 47 too large)

.vector_48      0x9fc01800        0x8
 *(.vector_48)
 .vector_48     0x9fc01800        0x8 build/Diplomamunka/production/_ext/1720293489/system_interrupt.o
                0x9fc01800                __vector_dispatch_48
                0x00000001                ASSERT (((_vector_spacing == 0x0) || (SIZEOF (.vector_48) <= (_vector_spacing << 0x5))), function at exception vector 48 too large)

.vector_49      0x9fc01820        0x8
 *(.vector_49)
 .vector_49     0x9fc01820        0x8 c:/program files (x86)/microchip/xc32/v1.42/bin/bin/../../lib/gcc/pic32mx/4.8.3/../../../../pic32mx/lib\libpic32.a(vector49.o)
                0x9fc01820                __vector_dispatch_49
                0x00000001                ASSERT (((_vector_spacing == 0x0) || (SIZEOF (.vector_49) <= (_vector_spacing << 0x5))), function at exception vector 49 too large)

.vector_50      0x9fc01840        0x8
 *(.vector_50)
 .vector_50     0x9fc01840        0x8 c:/program files (x86)/microchip/xc32/v1.42/bin/bin/../../lib/gcc/pic32mx/4.8.3/../../../../pic32mx/lib\libpic32.a(vector50.o)
                0x9fc01840                __vector_dispatch_50
                0x00000001                ASSERT (((_vector_spacing == 0x0) || (SIZEOF (.vector_50) <= (_vector_spacing << 0x5))), function at exception vector 50 too large)

.vector_51      0x9fc01860        0x8
 *(.vector_51)
 .vector_51     0x9fc01860        0x8 c:/program files (x86)/microchip/xc32/v1.42/bin/bin/../../lib/gcc/pic32mx/4.8.3/../../../../pic32mx/lib\libpic32.a(vector51.o)
                0x9fc01860                __vector_dispatch_51
                0x00000001                ASSERT (((_vector_spacing == 0x0) || (SIZEOF (.vector_51) <= (_vector_spacing << 0x5))), function at exception vector 51 too large)

.vector_52      0x9fc01880        0x0
 *(.vector_52)
                0x00000001                ASSERT (((_vector_spacing == 0x0) || (SIZEOF (.vector_52) <= (_vector_spacing << 0x5))), function at exception vector 52 too large)

.vector_53      0x9fc018a0        0x0
 *(.vector_53)
                0x00000001                ASSERT (((_vector_spacing == 0x0) || (SIZEOF (.vector_53) <= (_vector_spacing << 0x5))), function at exception vector 53 too large)

.vector_54      0x9fc018c0        0x0
 *(.vector_54)
                0x00000001                ASSERT (((_vector_spacing == 0x0) || (SIZEOF (.vector_54) <= (_vector_spacing << 0x5))), function at exception vector 54 too large)

.vector_55      0x9fc018e0        0x0
 *(.vector_55)
                0x00000001                ASSERT (((_vector_spacing == 0x0) || (SIZEOF (.vector_55) <= (_vector_spacing << 0x5))), function at exception vector 55 too large)

.vector_56      0x9fc01900        0x0
 *(.vector_56)
                0x00000001                ASSERT (((_vector_spacing == 0x0) || (SIZEOF (.vector_56) <= (_vector_spacing << 0x5))), function at exception vector 56 too large)

.vector_57      0x9fc01920        0x0
 *(.vector_57)
                0x00000001                ASSERT (((_vector_spacing == 0x0) || (SIZEOF (.vector_57) <= (_vector_spacing << 0x5))), function at exception vector 57 too large)

.vector_58      0x9fc01940        0x0
 *(.vector_58)
                0x00000001                ASSERT (((_vector_spacing == 0x0) || (SIZEOF (.vector_58) <= (_vector_spacing << 0x5))), function at exception vector 58 too large)

.vector_59      0x9fc01960        0x0
 *(.vector_59)
                0x00000001                ASSERT (((_vector_spacing == 0x0) || (SIZEOF (.vector_59) <= (_vector_spacing << 0x5))), function at exception vector 59 too large)

.vector_60      0x9fc01980        0x0
 *(.vector_60)
                0x00000001                ASSERT (((_vector_spacing == 0x0) || (SIZEOF (.vector_60) <= (_vector_spacing << 0x5))), function at exception vector 60 too large)

.vector_61      0x9fc019a0        0x0
 *(.vector_61)
                0x00000001                ASSERT (((_vector_spacing == 0x0) || (SIZEOF (.vector_61) <= (_vector_spacing << 0x5))), function at exception vector 61 too large)

.vector_62      0x9fc019c0        0x0
 *(.vector_62)
                0x00000001                ASSERT (((_vector_spacing == 0x0) || (SIZEOF (.vector_62) <= (_vector_spacing << 0x5))), function at exception vector 62 too large)

.vector_63      0x9fc019e0        0x0
 *(.vector_63)
                0x00000001                ASSERT (((_vector_spacing == 0x0) || (SIZEOF (.vector_63) <= (_vector_spacing << 0x5))), function at exception vector 63 too large)

.startup
 *(.startup)

.text           0x9d000000        0x0
 *(.stub .gnu.linkonce.t.*)
 *(.text.*personality*)
 *(.mips16.fn.*)
 *(.mips16.call.*)
 *(.gnu.warning)
                0x9d000000                . = ALIGN (0x4)

.init           0x9d000000        0x0
 *crti.o(.init)
 *crtbegin.o(.init)
 *(EXCLUDE_FILE(*crtn.o *crtend?.o *crtend.o) .init)
 *crtend.o(.init)
 *crtn.o(.init)
                0x9d000000                . = ALIGN (0x4)

.fini           0x9d000000        0x0
 *(.fini)
                0x9d000000                . = ALIGN (0x4)

.preinit_array  0x9d000000        0x0
                0x9d000000                PROVIDE (__preinit_array_start, .)
 *(.preinit_array)
                0x9d000000                PROVIDE (__preinit_array_end, .)
                0x9d000000                . = ALIGN (0x4)

.init_array     0x9d000000        0x0
                0x9d000000                PROVIDE (__init_array_start, .)
 *(SORT(.init_array.*))
 *(.init_array)
                0x9d000000                PROVIDE (__init_array_end, .)
                0x9d000000                . = ALIGN (0x4)

.fini_array     0x9d000000        0x0
                0x9d000000                PROVIDE (__fini_array_start, .)
 *(SORT(.fini_array.*))
 *(.fini_array)
                0x9d000000                PROVIDE (__fini_array_end, .)
                0x9d000000                . = ALIGN (0x4)

.ctors          0x9d000000        0x0
 *crtbegin.o(.ctors)
 *crtbegin?.o(.ctors)
 *(EXCLUDE_FILE(*crtend?.o *crtend.o) .ctors)
 *(SORT(.ctors.*))
 *(.ctors)
                0x9d000000                . = ALIGN (0x4)

.dtors          0x9d000000        0x0
 *crtbegin.o(.dtors)
 *crtbegin?.o(.dtors)
 *(EXCLUDE_FILE(*crtend?.o *crtend.o) .dtors)
 *(SORT(.dtors.*))
 *(.dtors)
                0x9d000000                . = ALIGN (0x4)

.rodata         0x9d000000        0x0
 *(.gnu.linkonce.r.*)
 *(.rodata1)
                0x9d000000                . = ALIGN (0x4)

.sdata2         0x9fc00490        0x0
 *(.sdata2 .sdata2.* .gnu.linkonce.s2.*)
                0x9fc00490                . = ALIGN (0x4)

.sbss2          0x9fc00490        0x0
 *(.sbss2 .sbss2.* .gnu.linkonce.sb2.*)
                0x9fc00490                . = ALIGN (0x4)

.eh_frame_hdr
 *(.eh_frame_hdr)
                0x9fc00490                . = ALIGN (0x4)

.eh_frame
 *(.eh_frame)
                0x9fc00490                . = ALIGN (0x4)

.gcc_except_table
 *(.gcc_except_table .gcc_except_table.*)
                0x9fc00490                . = ALIGN (0x4)

.dbg_data       0xa0000000        0x0
                0xa0000000                . = (. + DEFINED (_DEBUGGER)?0x200:0x0)

.jcr            0xa0000000        0x0
 *(.jcr)
                0xa0000000                . = ALIGN (0x4)

.eh_frame
 *(.eh_frame)
                0xa0000000                . = ALIGN (0x4)

.gcc_except_table
 *(.gcc_except_table .gcc_except_table.*)
                0xa0000000                . = ALIGN (0x4)

.persist        0xa0000000        0x0
                0xa0000000                _persist_begin = .
 *(.persist .persist.*)
 *(.pbss .pbss.*)
                0xa0000000                . = ALIGN (0x4)
                0xa0000000                _persist_end = .

.data           0xa0000000        0x0
 *(.gnu.linkonce.d.*)
 *(.data1)
                0xa0000000                . = ALIGN (0x4)
                0xa0000000                . = .
                0xa0007ff0                _gp = (ALIGN (0x10) + 0x7ff0)

.got            0xa0000000        0x0
 *(.got.plt)
 *(.got)
                0xa0000000                . = ALIGN (0x4)

.sdata          0xa0000000       0x6c
                0xa0000000                _sdata_begin = .
 *(.sdata .sdata.* .gnu.linkonce.s.*)
 .sdata         0xa0000000        0x8 build/Diplomamunka/production/_ext/1360937237/TCPServer.o
 .sdata         0xa0000008       0x50 build/Diplomamunka/production/_ext/1886890887/asn.o
                0xa0000008                END_PUB_KEY
                0xa000000c                BEGIN_PUB_KEY
                0xa0000010                END_DSA_PRIV
                0xa0000014                BEGIN_DSA_PRIV
                0xa0000018                END_EC_PRIV
                0xa000001c                BEGIN_EC_PRIV
                0xa0000020                END_ENC_PRIV_KEY
                0xa0000024                BEGIN_ENC_PRIV_KEY
                0xa0000028                END_PRIV_KEY
                0xa000002c                BEGIN_PRIV_KEY
                0xa0000030                END_RSA_PRIV
                0xa0000034                BEGIN_RSA_PRIV
                0xa0000038                END_X509_CRL
                0xa000003c                BEGIN_X509_CRL
                0xa0000040                END_DH_PARAM
                0xa0000044                BEGIN_DH_PARAM
                0xa0000048                END_CERT_REQ
                0xa000004c                BEGIN_CERT_REQ
                0xa0000050                END_CERT
                0xa0000054                BEGIN_CERT
 .sdata         0xa0000058        0x4 build/Diplomamunka/production/_ext/1136935090/lfsr.o
 .sdata         0xa000005c        0x8 build/Diplomamunka/production/_ext/1408260596/arp.o
 .sdata         0xa0000064        0x4 build/Diplomamunka/production/_ext/1408260596/tcpip_manager.o
 .sdata         0xa0000068        0x4 c:/program files (x86)/microchip/xc32/v1.42/bin/bin/../../lib/gcc/pic32mx/4.8.3/../../../../pic32mx/lib\libpic32.a(xc32_uart.o)
                0xa0000068                __XC_UART
                0xa000006c                . = ALIGN (0x4)
                0xa000006c                _sdata_end = .

.lit8
 *(.lit8)

.lit4
 *(.lit4)
                0xa000006c                . = ALIGN (0x4)
                0xa000006c                _data_end = .
                0xa000006c                _bss_begin = .

.sbss           0xa000006c      0x148
                0xa000006c                _sbss_begin = .
 *(.dynsbss)
 *(.sbss .sbss.* .gnu.linkonce.sb.*)
 .sbss          0xa000006c        0x6 build/Diplomamunka/production/_ext/1774832663/drv_i2c_static_buffer_model.o
                0xa000006c                QueueDelta_0
                0xa000006e                QueueOut_0
                0xa0000070                QueueIn_0
 *fill*         0xa0000072        0x2 
 .sbss          0xa0000074        0xc build/Diplomamunka/production/_ext/1720293489/system_exceptions.o
 .sbss          0xa0000080        0x8 build/Diplomamunka/production/_ext/1360937237/TCPServer.o
 .sbss          0xa0000088        0xc build/Diplomamunka/production/_ext/1360937237/led.o
 .sbss          0xa0000094        0xc build/Diplomamunka/production/_ext/1886890887/memory.o
 .sbss          0xa00000a0        0x4 build/Diplomamunka/production/_ext/1908841681/drv_ethmac.o
 .sbss          0xa00000a4        0x4 build/Diplomamunka/production/_ext/185269848/drv_tmr.o
 .sbss          0xa00000a8       0x20 build/Diplomamunka/production/_ext/1408260596/tcp.o
 .sbss          0xa00000c8       0x1c build/Diplomamunka/production/_ext/1408260596/udp.o
 .sbss          0xa00000e4       0x20 build/Diplomamunka/production/_ext/1408260596/dhcp.o
 .sbss          0xa0000104       0x10 build/Diplomamunka/production/_ext/1408260596/dns.o
                0xa0000104                _DNSStayCondLoop
                0xa0000108                _DNSStayAssertLoop
 .sbss          0xa0000114        0xc build/Diplomamunka/production/_ext/1408260596/icmp.o
 .sbss          0xa0000120       0x20 build/Diplomamunka/production/_ext/1408260596/tcpip_announce.o
 .sbss          0xa0000140       0x24 build/Diplomamunka/production/_ext/1408260596/tcpip_manager.o
 .sbss          0xa0000164        0x8 build/Diplomamunka/production/_ext/1408260596/tcpip_packet.o
 .sbss          0xa000016c       0x14 build/Diplomamunka/production/_ext/1408260596/ipv4.o
 *(.scommon)
 .scommon       0xa0000180       0x10 build/Diplomamunka/production/_ext/1774832663/drv_i2c_static_buffer_model.o
                0xa0000180                lBufferObj0
                0xa0000184                i2c0State
                0xa0000188                i2c0ClientObj
 .scommon       0xa0000190        0xe build/Diplomamunka/production/_ext/1892475994/sys_clk_static.o
                0xa0000190                icWatchCounter
                0xa0000198                speedMeasParam
 .scommon       0xa000019e        0x0 build/Diplomamunka/production/_ext/1720293489/system_init.o
 .scommon       0xa000019e        0x0 build/Diplomamunka/production/_ext/1720293489/system_interrupt.o
 .scommon       0xa000019e        0x0 build/Diplomamunka/production/_ext/1720293489/system_exceptions.o
 .scommon       0xa000019e        0x0 build/Diplomamunka/production/_ext/1720293489/system_tasks.o
 *fill*         0xa000019e        0x2 
 .scommon       0xa00001a0        0x4 build/Diplomamunka/production/_ext/1360937237/app.o
                0xa00001a0                appData
 .scommon       0xa00001a4        0x8 build/Diplomamunka/production/_ext/1360937237/fan.o
                0xa00001a4                ICTimerHandleT3
                0xa00001a8                pwmTimerHandleT2
 .scommon       0xa00001ac        0x0 build/Diplomamunka/production/_ext/1360937237/led.o
 .scommon       0xa00001ac        0x0 build/Diplomamunka/production/_ext/1908841681/drv_ethmac.o
 .scommon       0xa00001ac        0x0 build/Diplomamunka/production/_ext/1908841681/drv_ethmac_lib.o
 .scommon       0xa00001ac        0x0 build/Diplomamunka/production/_ext/732687875/drv_ethphy.o
 .scommon       0xa00001ac        0x0 build/Diplomamunka/production/_ext/185269848/drv_tmr.o
 .scommon       0xa00001ac        0x8 build/Diplomamunka/production/_ext/1271179505/sys_devcon.o
                0xa00001ac                sysDevconObj
 .scommon       0xa00001b4        0x0 build/Diplomamunka/production/_ext/1408260596/tcp.o
 .scommon       0xa00001b4        0x0 build/Diplomamunka/production/_ext/1408260596/udp.o
 .scommon       0xa00001b4        0x0 build/Diplomamunka/production/_ext/1408260596/tcpip_heap_alloc.o
 .scommon       0xa00001b4        0x0 build/Diplomamunka/production/_ext/1408260596/tcpip_heap_internal.o
 .scommon       0xa00001b4        0x0 build/Diplomamunka/production/_ext/1408260596/arp.o
 .scommon       0xa00001b4        0x0 build/Diplomamunka/production/_ext/1408260596/dhcp.o
 .scommon       0xa00001b4        0x0 build/Diplomamunka/production/_ext/1408260596/dns.o
 .scommon       0xa00001b4        0x0 build/Diplomamunka/production/_ext/1408260596/icmp.o
 .scommon       0xa00001b4        0x0 build/Diplomamunka/production/_ext/1408260596/tcpip_announce.o
 .scommon       0xa00001b4        0x0 build/Diplomamunka/production/_ext/1408260596/tcpip_helpers.o
 .scommon       0xa00001b4        0x0 build/Diplomamunka/production/_ext/1408260596/tcpip_manager.o
 .scommon       0xa00001b4        0x0 build/Diplomamunka/production/_ext/1408260596/tcpip_notify.o
 .scommon       0xa00001b4        0x0 build/Diplomamunka/production/_ext/1408260596/tcpip_packet.o
 .scommon       0xa00001b4        0x0 build/Diplomamunka/production/_ext/1408260596/ipv4.o
                0xa00001b4                _sbss_end = .
                0xa00001b4                . = ALIGN (0x4)

.bss            0xa00001b4      0x1b8
 *(.dynbss)
 *(COMMON)
 COMMON         0xa00001b4       0x2c build/Diplomamunka/production/_ext/1774832663/drv_i2c_static_buffer_model.o
                0xa00001b4                i2c0Obj
 COMMON         0xa00001e0      0x116 build/Diplomamunka/production/_ext/1892475994/sys_clk_static.o
                0xa00001e0                currentParam
                0xa000020c                OBuffer
                0xa00002cc                currentReceivedOnTcpParam
 *fill*         0xa00002f6        0x2 
 COMMON         0xa00002f8       0x18 build/Diplomamunka/production/_ext/1720293489/system_init.o
                0xa00002f8                sysObj
 COMMON         0xa0000310       0x5c build/Diplomamunka/production/_ext/732687875/drv_ethphy.o
                0xa0000310                gDrvETHPHYClientObj
                0xa0000344                gDrvETHPHYObj
                0xa000036c                . = ALIGN ((. != 0x0)?0x4:0x1)
                0xa000036c                . = ALIGN (0x4)
                0xa000036c                _end = .
                0xa000036c                _bss_end = .
                0x00020000                _bmxdudba_address = 0x20000
                0x00020000                _bmxdupba_address = 0x20000

/DISCARD/
 *(.pdr)
 *(.rel.dyn)
 *(.note.GNU-stack)
 *(.note.GNU-stack)
 *(.gnu_debuglink)
 *(.gnu.lto_*)
 *(.discard)

.gptab.sdata
 *(.gptab.data)
 *(.gptab.sdata)

.gptab.sbss
 *(.gptab.bss)
 *(.gptab.sbss)

.mdebug.abi32   0xa000036c        0x0
 *(.mdebug.abi32)
 .mdebug.abi32  0xa000036c        0x0 build/Diplomamunka/production/_ext/1774832663/drv_i2c_static_buffer_model.o
 .mdebug.abi32  0xa000036c        0x0 build/Diplomamunka/production/_ext/1774832663/drv_i2c_mapping.o
 .mdebug.abi32  0xa000036c        0x0 build/Diplomamunka/production/_ext/793758023/drv_ic_static.o
 .mdebug.abi32  0xa000036c        0x0 build/Diplomamunka/production/_ext/965532929/drv_oc_static.o
 .mdebug.abi32  0xa000036c        0x0 build/Diplomamunka/production/_ext/1892475994/sys_clk_static.o
 .mdebug.abi32  0xa000036c        0x0 build/Diplomamunka/production/_ext/904121046/sys_ports_static.o
 .mdebug.abi32  0xa000036c        0x0 build/Diplomamunka/production/_ext/1720293489/system_init.o
 .mdebug.abi32  0xa000036c        0x0 build/Diplomamunka/production/_ext/1720293489/system_interrupt.o
 .mdebug.abi32  0xa000036c        0x0 build/Diplomamunka/production/_ext/1720293489/system_exceptions.o
 .mdebug.abi32  0xa000036c        0x0 build/Diplomamunka/production/_ext/1720293489/system_tasks.o
 .mdebug.abi32  0xa000036c        0x0 build/Diplomamunka/production/_ext/1360937237/app.o
 .mdebug.abi32  0xa000036c        0x0 build/Diplomamunka/production/_ext/1360937237/main.o
 .mdebug.abi32  0xa000036c        0x0 build/Diplomamunka/production/_ext/1360937237/TCPServer.o
 .mdebug.abi32  0xa000036c        0x0 build/Diplomamunka/production/_ext/1360937237/fan.o
 .mdebug.abi32  0xa000036c        0x0 build/Diplomamunka/production/_ext/1360937237/led.o
 .mdebug.abi32  0xa000036c        0x0 build/Diplomamunka/production/_ext/1837361561/bsp_sys_init.o
 .mdebug.abi32  0xa000036c        0x0 build/Diplomamunka/production/_ext/1606841020/adler32.o
 .mdebug.abi32  0xa000036c        0x0 build/Diplomamunka/production/_ext/1606841020/compress.o
 .mdebug.abi32  0xa000036c        0x0 build/Diplomamunka/production/_ext/1606841020/crc32.o
 .mdebug.abi32  0xa000036c        0x0 build/Diplomamunka/production/_ext/1606841020/deflate.o
 .mdebug.abi32  0xa000036c        0x0 build/Diplomamunka/production/_ext/1606841020/infback.o
 .mdebug.abi32  0xa000036c        0x0 build/Diplomamunka/production/_ext/1606841020/inffast.o
 .mdebug.abi32  0xa000036c        0x0 build/Diplomamunka/production/_ext/1606841020/inflate.o
 .mdebug.abi32  0xa000036c        0x0 build/Diplomamunka/production/_ext/1606841020/inftrees.o
 .mdebug.abi32  0xa000036c        0x0 build/Diplomamunka/production/_ext/1606841020/trees.o
 .mdebug.abi32  0xa000036c        0x0 build/Diplomamunka/production/_ext/1606841020/uncompr.o
 .mdebug.abi32  0xa000036c        0x0 build/Diplomamunka/production/_ext/1606841020/zutil.o
 .mdebug.abi32  0xa000036c        0x0 build/Diplomamunka/production/_ext/1886890887/ecc.o
 .mdebug.abi32  0xa000036c        0x0 build/Diplomamunka/production/_ext/1886890887/ssl-dummy.o
 .mdebug.abi32  0xa000036c        0x0 build/Diplomamunka/production/_ext/1886890887/arc4.o
 .mdebug.abi32  0xa000036c        0x0 build/Diplomamunka/production/_ext/1886890887/pwdbased.o
 .mdebug.abi32  0xa000036c        0x0 build/Diplomamunka/production/_ext/1886890887/tfm.o
 .mdebug.abi32  0xa000036c        0x0 build/Diplomamunka/production/_ext/1886890887/asn.o
 .mdebug.abi32  0xa000036c        0x0 build/Diplomamunka/production/_ext/1886890887/des3.o
 .mdebug.abi32  0xa000036c        0x0 build/Diplomamunka/production/_ext/1886890887/rsa.o
 .mdebug.abi32  0xa000036c        0x0 build/Diplomamunka/production/_ext/1886890887/aes.o
 .mdebug.abi32  0xa000036c        0x0 build/Diplomamunka/production/_ext/1886890887/md5.o
 .mdebug.abi32  0xa000036c        0x0 build/Diplomamunka/production/_ext/1886890887/sha.o
 .mdebug.abi32  0xa000036c        0x0 build/Diplomamunka/production/_ext/1886890887/sha256.o
 .mdebug.abi32  0xa000036c        0x0 build/Diplomamunka/production/_ext/1886890887/sha512.o
 .mdebug.abi32  0xa000036c        0x0 build/Diplomamunka/production/_ext/1886890887/hmac.o
 .mdebug.abi32  0xa000036c        0x0 build/Diplomamunka/production/_ext/1886890887/hash.o
 .mdebug.abi32  0xa000036c        0x0 build/Diplomamunka/production/_ext/1886890887/compress.o
 .mdebug.abi32  0xa000036c        0x0 build/Diplomamunka/production/_ext/1886890887/random.o
 .mdebug.abi32  0xa000036c        0x0 build/Diplomamunka/production/_ext/1886890887/crypto.o
 .mdebug.abi32  0xa000036c        0x0 build/Diplomamunka/production/_ext/1886890887/coding.o
 .mdebug.abi32  0xa000036c        0x0 build/Diplomamunka/production/_ext/1886890887/error.o
 .mdebug.abi32  0xa000036c        0x0 build/Diplomamunka/production/_ext/1886890887/integer.o
 .mdebug.abi32  0xa000036c        0x0 build/Diplomamunka/production/_ext/1886890887/logging.o
 .mdebug.abi32  0xa000036c        0x0 build/Diplomamunka/production/_ext/1886890887/memory.o
 .mdebug.abi32  0xa000036c        0x0 build/Diplomamunka/production/_ext/1886890887/misc.o
 .mdebug.abi32  0xa000036c        0x0 build/Diplomamunka/production/_ext/1886890887/port.o
 .mdebug.abi32  0xa000036c        0x0 build/Diplomamunka/production/_ext/1908841681/drv_ethmac.o
 .mdebug.abi32  0xa000036c        0x0 build/Diplomamunka/production/_ext/1908841681/drv_ethmac_lib.o
 .mdebug.abi32  0xa000036c        0x0 build/Diplomamunka/production/_ext/732687875/drv_ethphy.o
 .mdebug.abi32  0xa000036c        0x0 build/Diplomamunka/production/_ext/732687875/drv_extphy_dp83848.o
 .mdebug.abi32  0xa000036c        0x0 build/Diplomamunka/production/_ext/185269848/drv_tmr.o
 .mdebug.abi32  0xa000036c        0x0 build/Diplomamunka/production/_ext/1271179505/sys_devcon.o
 .mdebug.abi32  0xa000036c        0x0 build/Diplomamunka/production/_ext/1271179505/sys_devcon_pic32mx.o
 .mdebug.abi32  0xa000036c        0x0 build/Diplomamunka/production/_ext/122796885/sys_int_pic32.o
 .mdebug.abi32  0xa000036c        0x0 build/Diplomamunka/production/_ext/77319752/sys_ports.o
 .mdebug.abi32  0xa000036c        0x0 build/Diplomamunka/production/_ext/1283840359/sys_random.o
 .mdebug.abi32  0xa000036c        0x0 build/Diplomamunka/production/_ext/1264926591/sys_tmr.o
 .mdebug.abi32  0xa000036c        0x0 build/Diplomamunka/production/_ext/1136935090/helpers.o
 .mdebug.abi32  0xa000036c        0x0 build/Diplomamunka/production/_ext/1136935090/lfsr.o
 .mdebug.abi32  0xa000036c        0x0 build/Diplomamunka/production/_ext/1408260596/tcp.o
 .mdebug.abi32  0xa000036c        0x0 build/Diplomamunka/production/_ext/1408260596/udp.o
 .mdebug.abi32  0xa000036c        0x0 build/Diplomamunka/production/_ext/1408260596/tcpip_heap_alloc.o
 .mdebug.abi32  0xa000036c        0x0 build/Diplomamunka/production/_ext/1408260596/tcpip_heap_internal.o
 .mdebug.abi32  0xa000036c        0x0 build/Diplomamunka/production/_ext/1408260596/arp.o
 .mdebug.abi32  0xa000036c        0x0 build/Diplomamunka/production/_ext/1408260596/dhcp.o
 .mdebug.abi32  0xa000036c        0x0 build/Diplomamunka/production/_ext/1408260596/dns.o
 .mdebug.abi32  0xa000036c        0x0 build/Diplomamunka/production/_ext/1408260596/icmp.o
 .mdebug.abi32  0xa000036c        0x0 build/Diplomamunka/production/_ext/1408260596/tcpip_announce.o
 .mdebug.abi32  0xa000036c        0x0 build/Diplomamunka/production/_ext/1408260596/hash_fnv.o
 .mdebug.abi32  0xa000036c        0x0 build/Diplomamunka/production/_ext/1408260596/oahash.o
 .mdebug.abi32  0xa000036c        0x0 build/Diplomamunka/production/_ext/1408260596/tcpip_helpers.o
 .mdebug.abi32  0xa000036c        0x0 build/Diplomamunka/production/_ext/1408260596/tcpip_manager.o
 .mdebug.abi32  0xa000036c        0x0 build/Diplomamunka/production/_ext/1408260596/tcpip_notify.o
 .mdebug.abi32  0xa000036c        0x0 build/Diplomamunka/production/_ext/1408260596/tcpip_packet.o
 .mdebug.abi32  0xa000036c        0x0 build/Diplomamunka/production/_ext/1408260596/ipv4.o
 .mdebug.abi32  0xa000036c        0x0 ..\..\..\..\bin\framework\peripheral\PIC32MX795F512L_peripherals.a(plib_eth_lib.o)
 .mdebug.abi32  0xa000036c        0x0 c:/program files (x86)/microchip/xc32/v1.42/bin/bin/../../lib/gcc/pic32mx/4.8.3\libgcc.a(_udivdi3.o)
 .mdebug.abi32  0xa000036c        0x0 c:/program files (x86)/microchip/xc32/v1.42/bin/bin/../../lib/gcc/pic32mx/4.8.3\libgcc.a(floatunsisf.o)
 .mdebug.abi32  0xa000036c        0x0 c:/program files (x86)/microchip/xc32/v1.42/bin/bin/../../lib/gcc/pic32mx/4.8.3/../../../../pic32mx/lib\libpic32.a(default-bootstrap-exception-handler.o)
 .mdebug.abi32  0xa000036c        0x0 c:/program files (x86)/microchip/xc32/v1.42/bin/bin/../../lib/gcc/pic32mx/4.8.3/../../../../pic32mx/lib\libpic32.a(default-on-reset.o)
 .mdebug.abi32  0xa000036c        0x0 c:/program files (x86)/microchip/xc32/v1.42/bin/bin/../../lib/gcc/pic32mx/4.8.3/../../../../pic32mx/lib\libpic32.a(default-on-bootstrap.o)
 .mdebug.abi32  0xa000036c        0x0 c:/program files (x86)/microchip/xc32/v1.42/bin/bin/../../lib/gcc/pic32mx/4.8.3/../../../../pic32mx/lib\libpic32.a(defaultinterrupt.o)
 .mdebug.abi32  0xa000036c        0x0 c:/program files (x86)/microchip/xc32/v1.42/bin/bin/../../lib/gcc/pic32mx/4.8.3/../../../../pic32mx/lib\libc.a(calloc.o)
 .mdebug.abi32  0xa000036c        0x0 c:/program files (x86)/microchip/xc32/v1.42/bin/bin/../../lib/gcc/pic32mx/4.8.3/../../../../pic32mx/lib\libc.a(ctime.o)
 .mdebug.abi32  0xa000036c        0x0 c:/program files (x86)/microchip/xc32/v1.42/bin/bin/../../lib/gcc/pic32mx/4.8.3/../../../../pic32mx/lib\libc.a(ctype.o)
 .mdebug.abi32  0xa000036c        0x0 c:/program files (x86)/microchip/xc32/v1.42/bin/bin/../../lib/gcc/pic32mx/4.8.3/../../../../pic32mx/lib\libc.a(ctypef.o)
 .mdebug.abi32  0xa000036c        0x0 c:/program files (x86)/microchip/xc32/v1.42/bin/bin/../../lib/gcc/pic32mx/4.8.3/../../../../pic32mx/lib\libc.a(malloc.o)
 .mdebug.abi32  0xa000036c        0x0 c:/program files (x86)/microchip/xc32/v1.42/bin/bin/../../lib/gcc/pic32mx/4.8.3/../../../../pic32mx/lib\libc.a(memmove.o)
 .mdebug.abi32  0xa000036c        0x0 c:/program files (x86)/microchip/xc32/v1.42/bin/bin/../../lib/gcc/pic32mx/4.8.3/../../../../pic32mx/lib\libc.a(rand.o)
 .mdebug.abi32  0xa000036c        0x0 c:/program files (x86)/microchip/xc32/v1.42/bin/bin/../../lib/gcc/pic32mx/4.8.3/../../../../pic32mx/lib\libc.a(strcat.o)
 .mdebug.abi32  0xa000036c        0x0 c:/program files (x86)/microchip/xc32/v1.42/bin/bin/../../lib/gcc/pic32mx/4.8.3/../../../../pic32mx/lib\libc.a(strncpy.o)
 .mdebug.abi32  0xa000036c        0x0 c:/program files (x86)/microchip/xc32/v1.42/bin/bin/../../lib/gcc/pic32mx/4.8.3/../../../../pic32mx/lib\libc.a(strstr.o)
 .mdebug.abi32  0xa000036c        0x0 c:/program files (x86)/microchip/xc32/v1.42/bin/bin/../../lib/gcc/pic32mx/4.8.3/../../../../pic32mx/lib\libc.a(strtol.o)
 .mdebug.abi32  0xa000036c        0x0 c:/program files (x86)/microchip/xc32/v1.42/bin/bin/../../lib/gcc/pic32mx/4.8.3/../../../../pic32mx/lib\libc.a(time.o)
 .mdebug.abi32  0xa000036c        0x0 c:/program files (x86)/microchip/xc32/v1.42/bin/bin/../../lib/gcc/pic32mx/4.8.3/../../../../pic32mx/lib\libc.a(sprintf_cdnopuxX.eo)
 .mdebug.abi32  0xa000036c        0x0 c:/program files (x86)/microchip/xc32/v1.42/bin/bin/../../lib/gcc/pic32mx/4.8.3/../../../../pic32mx/lib\libc.a(errno.o)
 .mdebug.abi32  0xa000036c        0x0 c:/program files (x86)/microchip/xc32/v1.42/bin/bin/../../lib/gcc/pic32mx/4.8.3/../../../../pic32mx/lib\libc.a(strchr.o)
 .mdebug.abi32  0xa000036c        0x0 c:/program files (x86)/microchip/xc32/v1.42/bin/bin/../../lib/gcc/pic32mx/4.8.3/../../../../pic32mx/lib\libc.a(strncmp.o)
 .mdebug.abi32  0xa000036c        0x0 c:/program files (x86)/microchip/xc32/v1.42/bin/bin/../../lib/gcc/pic32mx/4.8.3/../../../../pic32mx/lib\libc.a(doprnt_cdnopuxX.eo)
 .mdebug.abi32  0xa000036c        0x0 c:/program files (x86)/microchip/xc32/v1.42/bin/bin/../../lib/gcc/pic32mx/4.8.3/../../../../pic32mx/lib\libc.a(_fputc_simple.o)
 .mdebug.abi32  0xa000036c        0x0 c:/program files (x86)/microchip/xc32/v1.42/bin/bin/../../lib/gcc/pic32mx/4.8.3/../../../../pic32mx/lib\libc.a(_iob.o)
 .mdebug.abi32  0xa000036c        0x0 c:/program files (x86)/microchip/xc32/v1.42/bin/bin/../../lib/gcc/pic32mx/4.8.3/../../../../pic32mx/lib\libc.a(_flsbuf_simple.o)
 .mdebug.abi32  0xa000036c        0x0 c:/program files (x86)/microchip/xc32/v1.42/bin/bin/../../lib/gcc/pic32mx/4.8.3/../../../../pic32mx/lib\libpic32.a(sbrk.o)
 .mdebug.abi32  0xa000036c        0x0 c:/program files (x86)/microchip/xc32/v1.42/bin/bin/../../lib/gcc/pic32mx/4.8.3/../../../../pic32mx/lib\libpic32.a(write.o)
 .mdebug.abi32  0xa000036c        0x0 c:/program files (x86)/microchip/xc32/v1.42/bin/bin/../../lib/gcc/pic32mx/4.8.3/../../../../pic32mx/lib\libpic32.a(_mon_putc.o)
 .mdebug.abi32  0xa000036c        0x0 c:/program files (x86)/microchip/xc32/v1.42/bin/bin/../../lib/gcc/pic32mx/4.8.3/../../../../pic32mx/lib\libpic32.a(xc32_uart.o)
 .mdebug.abi32  0xa000036c        0x0 c:/program files (x86)/microchip/xc32/v1.42/bin/bin/../../lib/gcc/pic32mx/4.8.3\libgcc.a(_umoddi3.o)

.mdebug.abiN32
 *(.mdebug.abiN32)

.mdebug.abi64
 *(.mdebug.abi64)

.mdebug.abiO64
 *(.mdebug.abiO64)

.mdebug.eabi32
 *(.mdebug.eabi32)

.mdebug.eabi64
 *(.mdebug.eabi64)

.gcc_compiled_long32
 *(.gcc_compiled_long32)

.gcc_compiled_long64
 *(.gcc_compiled_long64)

.stab
 *(.stab)

.stabstr
 *(.stabstr)

.stab.excl
 *(.stab.excl)

.stab.exclstr
 *(.stab.exclstr)

.stab.index
 *(.stab.index)

.stab.indexstr
 *(.stab.indexstr)

.comment        0x00000000      0x1c2
 *(.comment)
 .comment       0x00000000       0x3c build/Diplomamunka/production/_ext/1774832663/drv_i2c_static_buffer_model.o
                                 0x3d (size before relaxing)
 .comment       0x00000000       0x3d build/Diplomamunka/production/_ext/1774832663/drv_i2c_mapping.o
 .comment       0x00000000       0x3d build/Diplomamunka/production/_ext/793758023/drv_ic_static.o
 .comment       0x00000000       0x3d build/Diplomamunka/production/_ext/965532929/drv_oc_static.o
 .comment       0x00000000       0x3d build/Diplomamunka/production/_ext/1892475994/sys_clk_static.o
 .comment       0x00000000       0x3d build/Diplomamunka/production/_ext/904121046/sys_ports_static.o
 .comment       0x00000000       0x3d build/Diplomamunka/production/_ext/1720293489/system_init.o
 .comment       0x00000000       0x3d build/Diplomamunka/production/_ext/1720293489/system_interrupt.o
 .comment       0x00000000       0x3d build/Diplomamunka/production/_ext/1720293489/system_exceptions.o
 .comment       0x00000000       0x3d build/Diplomamunka/production/_ext/1720293489/system_tasks.o
 .comment       0x00000000       0x3d build/Diplomamunka/production/_ext/1360937237/app.o
 .comment       0x00000000       0x3d build/Diplomamunka/production/_ext/1360937237/main.o
 .comment       0x00000000       0x3d build/Diplomamunka/production/_ext/1360937237/TCPServer.o
 .comment       0x00000000       0x3d build/Diplomamunka/production/_ext/1360937237/fan.o
 .comment       0x00000000       0x3d build/Diplomamunka/production/_ext/1360937237/led.o
 .comment       0x00000000       0x3d build/Diplomamunka/production/_ext/1837361561/bsp_sys_init.o
 .comment       0x00000000       0x3d build/Diplomamunka/production/_ext/1606841020/adler32.o
 .comment       0x00000000       0x3d build/Diplomamunka/production/_ext/1606841020/compress.o
 .comment       0x00000000       0x3d build/Diplomamunka/production/_ext/1606841020/crc32.o
 .comment       0x00000000       0x3d build/Diplomamunka/production/_ext/1606841020/deflate.o
 .comment       0x00000000       0x3d build/Diplomamunka/production/_ext/1606841020/infback.o
 .comment       0x00000000       0x3d build/Diplomamunka/production/_ext/1606841020/inffast.o
 .comment       0x00000000       0x3d build/Diplomamunka/production/_ext/1606841020/inflate.o
 .comment       0x00000000       0x3d build/Diplomamunka/production/_ext/1606841020/inftrees.o
 .comment       0x00000000       0x3d build/Diplomamunka/production/_ext/1606841020/trees.o
 .comment       0x00000000       0x3d build/Diplomamunka/production/_ext/1606841020/uncompr.o
 .comment       0x00000000       0x3d build/Diplomamunka/production/_ext/1606841020/zutil.o
 .comment       0x00000000       0x3d build/Diplomamunka/production/_ext/1886890887/ecc.o
 .comment       0x00000000       0x3d build/Diplomamunka/production/_ext/1886890887/ssl-dummy.o
 .comment       0x00000000       0x3d build/Diplomamunka/production/_ext/1886890887/arc4.o
 .comment       0x00000000       0x3d build/Diplomamunka/production/_ext/1886890887/pwdbased.o
 .comment       0x00000000       0x3d build/Diplomamunka/production/_ext/1886890887/tfm.o
 .comment       0x00000000       0x3d build/Diplomamunka/production/_ext/1886890887/asn.o
 .comment       0x00000000       0x3d build/Diplomamunka/production/_ext/1886890887/des3.o
 .comment       0x00000000       0x3d build/Diplomamunka/production/_ext/1886890887/rsa.o
 .comment       0x00000000       0x3d build/Diplomamunka/production/_ext/1886890887/aes.o
 .comment       0x00000000       0x3d build/Diplomamunka/production/_ext/1886890887/md5.o
 .comment       0x00000000       0x3d build/Diplomamunka/production/_ext/1886890887/sha.o
 .comment       0x00000000       0x3d build/Diplomamunka/production/_ext/1886890887/sha256.o
 .comment       0x00000000       0x3d build/Diplomamunka/production/_ext/1886890887/sha512.o
 .comment       0x00000000       0x3d build/Diplomamunka/production/_ext/1886890887/hmac.o
 .comment       0x00000000       0x3d build/Diplomamunka/production/_ext/1886890887/hash.o
 .comment       0x00000000       0x3d build/Diplomamunka/production/_ext/1886890887/compress.o
 .comment       0x00000000       0x3d build/Diplomamunka/production/_ext/1886890887/random.o
 .comment       0x00000000       0x3d build/Diplomamunka/production/_ext/1886890887/crypto.o
 .comment       0x00000000       0x3d build/Diplomamunka/production/_ext/1886890887/coding.o
 .comment       0x00000000       0x3d build/Diplomamunka/production/_ext/1886890887/error.o
 .comment       0x00000000       0x3d build/Diplomamunka/production/_ext/1886890887/integer.o
 .comment       0x00000000       0x3d build/Diplomamunka/production/_ext/1886890887/logging.o
 .comment       0x00000000       0x3d build/Diplomamunka/production/_ext/1886890887/memory.o
 .comment       0x00000000       0x3d build/Diplomamunka/production/_ext/1886890887/misc.o
 .comment       0x00000000       0x3d build/Diplomamunka/production/_ext/1886890887/port.o
 .comment       0x00000000       0x3d build/Diplomamunka/production/_ext/1908841681/drv_ethmac.o
 .comment       0x00000000       0x3d build/Diplomamunka/production/_ext/1908841681/drv_ethmac_lib.o
 .comment       0x00000000       0x3d build/Diplomamunka/production/_ext/732687875/drv_ethphy.o
 .comment       0x00000000       0x3d build/Diplomamunka/production/_ext/732687875/drv_extphy_dp83848.o
 .comment       0x00000000       0x3d build/Diplomamunka/production/_ext/185269848/drv_tmr.o
 .comment       0x00000000       0x3d build/Diplomamunka/production/_ext/1271179505/sys_devcon.o
 .comment       0x00000000       0x3d build/Diplomamunka/production/_ext/1271179505/sys_devcon_pic32mx.o
 .comment       0x00000000       0x3d build/Diplomamunka/production/_ext/122796885/sys_int_pic32.o
 .comment       0x00000000       0x3d build/Diplomamunka/production/_ext/77319752/sys_ports.o
 .comment       0x00000000       0x3d build/Diplomamunka/production/_ext/1283840359/sys_random.o
 .comment       0x00000000       0x3d build/Diplomamunka/production/_ext/1264926591/sys_tmr.o
 .comment       0x00000000       0x3d build/Diplomamunka/production/_ext/1136935090/helpers.o
 .comment       0x00000000       0x3d build/Diplomamunka/production/_ext/1136935090/lfsr.o
 .comment       0x00000000       0x3d build/Diplomamunka/production/_ext/1408260596/tcp.o
 .comment       0x00000000       0x3d build/Diplomamunka/production/_ext/1408260596/udp.o
 .comment       0x00000000       0x3d build/Diplomamunka/production/_ext/1408260596/tcpip_heap_alloc.o
 .comment       0x00000000       0x3d build/Diplomamunka/production/_ext/1408260596/tcpip_heap_internal.o
 .comment       0x00000000       0x3d build/Diplomamunka/production/_ext/1408260596/arp.o
 .comment       0x00000000       0x3d build/Diplomamunka/production/_ext/1408260596/dhcp.o
 .comment       0x00000000       0x3d build/Diplomamunka/production/_ext/1408260596/dns.o
 .comment       0x00000000       0x3d build/Diplomamunka/production/_ext/1408260596/icmp.o
 .comment       0x00000000       0x3d build/Diplomamunka/production/_ext/1408260596/tcpip_announce.o
 .comment       0x00000000       0x3d build/Diplomamunka/production/_ext/1408260596/hash_fnv.o
 .comment       0x00000000       0x3d build/Diplomamunka/production/_ext/1408260596/oahash.o
 .comment       0x00000000       0x3d build/Diplomamunka/production/_ext/1408260596/tcpip_helpers.o
 .comment       0x00000000       0x3d build/Diplomamunka/production/_ext/1408260596/tcpip_manager.o
 .comment       0x00000000       0x3d build/Diplomamunka/production/_ext/1408260596/tcpip_notify.o
 .comment       0x00000000       0x3d build/Diplomamunka/production/_ext/1408260596/tcpip_packet.o
 .comment       0x00000000       0x3d build/Diplomamunka/production/_ext/1408260596/ipv4.o
 .comment       0x0000003c       0x3c ..\..\..\..\bin\framework\peripheral\PIC32MX795F512L_peripherals.a(plib_eth_lib.o)
                                 0x3d (size before relaxing)
 .comment       0x00000000       0x3d c:/program files (x86)/microchip/xc32/v1.42/bin/bin/../../lib/gcc/pic32mx/4.8.3\libgcc.a(_udivdi3.o)
 .comment       0x00000000       0x3d c:/program files (x86)/microchip/xc32/v1.42/bin/bin/../../lib/gcc/pic32mx/4.8.3\libgcc.a(floatunsisf.o)
 .comment       0x00000078       0x18 c:/program files (x86)/microchip/xc32/v1.42/bin/bin/../../lib/gcc/pic32mx/4.8.3/../../../../pic32mx/lib\libpic32.a(memcmp.o)
                                 0x19 (size before relaxing)
 .comment       0x00000090       0x18 c:/program files (x86)/microchip/xc32/v1.42/bin/bin/../../lib/gcc/pic32mx/4.8.3/../../../../pic32mx/lib\libpic32.a(memset.o)
                                 0x19 (size before relaxing)
 .comment       0x000000a8       0x19 c:/program files (x86)/microchip/xc32/v1.42/bin/bin/../../lib/gcc/pic32mx/4.8.3/../../../../pic32mx/lib\libpic32.a(strcmp.o)
                                 0x1a (size before relaxing)
 .comment       0x000000c1       0x19 c:/program files (x86)/microchip/xc32/v1.42/bin/bin/../../lib/gcc/pic32mx/4.8.3/../../../../pic32mx/lib\libpic32.a(strlen.o)
                                 0x1a (size before relaxing)
 .comment       0x00000000       0x3d c:/program files (x86)/microchip/xc32/v1.42/bin/bin/../../lib/gcc/pic32mx/4.8.3/../../../../pic32mx/lib\libpic32.a(default-bootstrap-exception-handler.o)
 .comment       0x00000000       0x3d c:/program files (x86)/microchip/xc32/v1.42/bin/bin/../../lib/gcc/pic32mx/4.8.3/../../../../pic32mx/lib\libpic32.a(default-on-reset.o)
 .comment       0x00000000       0x3d c:/program files (x86)/microchip/xc32/v1.42/bin/bin/../../lib/gcc/pic32mx/4.8.3/../../../../pic32mx/lib\libpic32.a(default-on-bootstrap.o)
 .comment       0x00000000       0x3d c:/program files (x86)/microchip/xc32/v1.42/bin/bin/../../lib/gcc/pic32mx/4.8.3/../../../../pic32mx/lib\libpic32.a(defaultinterrupt.o)
 .comment       0x00000000       0x3d c:/program files (x86)/microchip/xc32/v1.42/bin/bin/../../lib/gcc/pic32mx/4.8.3/../../../../pic32mx/lib\libc.a(calloc.o)
 .comment       0x00000000       0x3d c:/program files (x86)/microchip/xc32/v1.42/bin/bin/../../lib/gcc/pic32mx/4.8.3/../../../../pic32mx/lib\libc.a(ctime.o)
 .comment       0x000000da       0x4e c:/program files (x86)/microchip/xc32/v1.42/bin/bin/../../lib/gcc/pic32mx/4.8.3/../../../../pic32mx/lib\libc.a(ctype.o)
                                 0x8b (size before relaxing)
 .comment       0x00000128       0x4f c:/program files (x86)/microchip/xc32/v1.42/bin/bin/../../lib/gcc/pic32mx/4.8.3/../../../../pic32mx/lib\libc.a(ctypef.o)
                                 0x8c (size before relaxing)
 .comment       0x00000000       0x3d c:/program files (x86)/microchip/xc32/v1.42/bin/bin/../../lib/gcc/pic32mx/4.8.3/../../../../pic32mx/lib\libc.a(malloc.o)
 .comment       0x00000000       0x3d c:/program files (x86)/microchip/xc32/v1.42/bin/bin/../../lib/gcc/pic32mx/4.8.3/../../../../pic32mx/lib\libc.a(memmove.o)
 .comment       0x00000000       0x3d c:/program files (x86)/microchip/xc32/v1.42/bin/bin/../../lib/gcc/pic32mx/4.8.3/../../../../pic32mx/lib\libc.a(rand.o)
 .comment       0x00000000       0x3d c:/program files (x86)/microchip/xc32/v1.42/bin/bin/../../lib/gcc/pic32mx/4.8.3/../../../../pic32mx/lib\libc.a(strcat.o)
 .comment       0x00000000       0x3d c:/program files (x86)/microchip/xc32/v1.42/bin/bin/../../lib/gcc/pic32mx/4.8.3/../../../../pic32mx/lib\libc.a(strncpy.o)
 .comment       0x00000000       0x3d c:/program files (x86)/microchip/xc32/v1.42/bin/bin/../../lib/gcc/pic32mx/4.8.3/../../../../pic32mx/lib\libc.a(strstr.o)
 .comment       0x00000000       0x3d c:/program files (x86)/microchip/xc32/v1.42/bin/bin/../../lib/gcc/pic32mx/4.8.3/../../../../pic32mx/lib\libc.a(strtol.o)
 .comment       0x00000000       0x3d c:/program files (x86)/microchip/xc32/v1.42/bin/bin/../../lib/gcc/pic32mx/4.8.3/../../../../pic32mx/lib\libc.a(time.o)
 .comment       0x00000000       0x3d c:/program files (x86)/microchip/xc32/v1.42/bin/bin/../../lib/gcc/pic32mx/4.8.3/../../../../pic32mx/lib\libc.a(sprintf_cdnopuxX.eo)
 .comment       0x00000000       0x3d c:/program files (x86)/microchip/xc32/v1.42/bin/bin/../../lib/gcc/pic32mx/4.8.3/../../../../pic32mx/lib\libc.a(errno.o)
 .comment       0x00000000       0x3d c:/program files (x86)/microchip/xc32/v1.42/bin/bin/../../lib/gcc/pic32mx/4.8.3/../../../../pic32mx/lib\libc.a(strchr.o)
 .comment       0x00000000       0x3d c:/program files (x86)/microchip/xc32/v1.42/bin/bin/../../lib/gcc/pic32mx/4.8.3/../../../../pic32mx/lib\libc.a(strncmp.o)
 .comment       0x00000000       0x3d c:/program files (x86)/microchip/xc32/v1.42/bin/bin/../../lib/gcc/pic32mx/4.8.3/../../../../pic32mx/lib\libc.a(doprnt_cdnopuxX.eo)
 .comment       0x00000000       0x3d c:/program files (x86)/microchip/xc32/v1.42/bin/bin/../../lib/gcc/pic32mx/4.8.3/../../../../pic32mx/lib\libc.a(_fputc_simple.o)
 .comment       0x00000000       0x3d c:/program files (x86)/microchip/xc32/v1.42/bin/bin/../../lib/gcc/pic32mx/4.8.3/../../../../pic32mx/lib\libc.a(_iob.o)
 .comment       0x00000000       0x3d c:/program files (x86)/microchip/xc32/v1.42/bin/bin/../../lib/gcc/pic32mx/4.8.3/../../../../pic32mx/lib\libc.a(_flsbuf_simple.o)
 .comment       0x00000177       0x4b c:/program files (x86)/microchip/xc32/v1.42/bin/bin/../../lib/gcc/pic32mx/4.8.3/../../../../pic32mx/lib\libpic32.a(sbrk.o)
                                 0x88 (size before relaxing)
 .comment       0x00000000       0x3d c:/program files (x86)/microchip/xc32/v1.42/bin/bin/../../lib/gcc/pic32mx/4.8.3/../../../../pic32mx/lib\libpic32.a(write.o)
 .comment       0x00000000       0x3d c:/program files (x86)/microchip/xc32/v1.42/bin/bin/../../lib/gcc/pic32mx/4.8.3/../../../../pic32mx/lib\libpic32.a(_mon_putc.o)
 .comment       0x00000000       0x3d c:/program files (x86)/microchip/xc32/v1.42/bin/bin/../../lib/gcc/pic32mx/4.8.3/../../../../pic32mx/lib\libpic32.a(xc32_uart.o)
 .comment       0x00000000       0x3d c:/program files (x86)/microchip/xc32/v1.42/bin/bin/../../lib/gcc/pic32mx/4.8.3\libgcc.a(_umoddi3.o)

.debug
 *(.debug)

.line
 *(.line)

.debug_srcinfo
 *(.debug_srcinfo)

.debug_sfnames
 *(.debug_sfnames)

.debug_aranges  0x00000000     0x3120
 *(.debug_aranges)
 .debug_aranges
                0x00000000       0x90 build/Diplomamunka/production/_ext/1774832663/drv_i2c_static_buffer_model.o
 .debug_aranges
                0x00000090       0x60 build/Diplomamunka/production/_ext/1774832663/drv_i2c_mapping.o
 .debug_aranges
                0x000000f0       0x78 build/Diplomamunka/production/_ext/793758023/drv_ic_static.o
 .debug_aranges
                0x00000168      0x108 build/Diplomamunka/production/_ext/965532929/drv_oc_static.o
 .debug_aranges
                0x00000270       0x50 build/Diplomamunka/production/_ext/1892475994/sys_clk_static.o
 .debug_aranges
                0x000002c0       0x20 build/Diplomamunka/production/_ext/904121046/sys_ports_static.o
 .debug_aranges
                0x000002e0       0x28 build/Diplomamunka/production/_ext/1720293489/system_init.o
 .debug_aranges
                0x00000308       0x58 build/Diplomamunka/production/_ext/1720293489/system_interrupt.o
 .debug_aranges
                0x00000360       0x20 build/Diplomamunka/production/_ext/1720293489/system_exceptions.o
 .debug_aranges
                0x00000380       0x20 build/Diplomamunka/production/_ext/1720293489/system_tasks.o
 .debug_aranges
                0x000003a0       0x58 build/Diplomamunka/production/_ext/1360937237/app.o
 .debug_aranges
                0x000003f8       0x20 build/Diplomamunka/production/_ext/1360937237/main.o
 .debug_aranges
                0x00000418       0x28 build/Diplomamunka/production/_ext/1360937237/TCPServer.o
 .debug_aranges
                0x00000440       0x40 build/Diplomamunka/production/_ext/1360937237/fan.o
 .debug_aranges
                0x00000480       0x28 build/Diplomamunka/production/_ext/1360937237/led.o
 .debug_aranges
                0x000004a8       0x60 build/Diplomamunka/production/_ext/1837361561/bsp_sys_init.o
 .debug_aranges
                0x00000508       0x38 build/Diplomamunka/production/_ext/1606841020/adler32.o
 .debug_aranges
                0x00000540       0x30 build/Diplomamunka/production/_ext/1606841020/compress.o
 .debug_aranges
                0x00000570       0x50 build/Diplomamunka/production/_ext/1606841020/crc32.o
 .debug_aranges
                0x000005c0       0xc0 build/Diplomamunka/production/_ext/1606841020/deflate.o
 .debug_aranges
                0x00000680       0x30 build/Diplomamunka/production/_ext/1606841020/infback.o
 .debug_aranges
                0x000006b0       0x20 build/Diplomamunka/production/_ext/1606841020/inffast.o
 .debug_aranges
                0x000006d0       0xa0 build/Diplomamunka/production/_ext/1606841020/inflate.o
 .debug_aranges
                0x00000770       0x20 build/Diplomamunka/production/_ext/1606841020/inftrees.o
 .debug_aranges
                0x00000790       0x88 build/Diplomamunka/production/_ext/1606841020/trees.o
 .debug_aranges
                0x00000818       0x20 build/Diplomamunka/production/_ext/1606841020/uncompr.o
 .debug_aranges
                0x00000838       0x40 build/Diplomamunka/production/_ext/1606841020/zutil.o
 .debug_aranges
                0x00000878       0x18 build/Diplomamunka/production/_ext/1886890887/ecc.o
 .debug_aranges
                0x00000890       0x38 build/Diplomamunka/production/_ext/1886890887/ssl-dummy.o
 .debug_aranges
                0x000008c8       0x28 build/Diplomamunka/production/_ext/1886890887/arc4.o
 .debug_aranges
                0x000008f0       0x48 build/Diplomamunka/production/_ext/1886890887/pwdbased.o
 .debug_aranges
                0x00000938      0x250 build/Diplomamunka/production/_ext/1886890887/tfm.o
 .debug_aranges
                0x00000b88      0x190 build/Diplomamunka/production/_ext/1886890887/asn.o
 .debug_aranges
                0x00000d18       0x78 build/Diplomamunka/production/_ext/1886890887/des3.o
 .debug_aranges
                0x00000d90       0x78 build/Diplomamunka/production/_ext/1886890887/rsa.o
 .debug_aranges
                0x00000e08       0x38 build/Diplomamunka/production/_ext/1886890887/aes.o
 .debug_aranges
                0x00000e40       0x40 build/Diplomamunka/production/_ext/1886890887/md5.o
 .debug_aranges
                0x00000e80       0x38 build/Diplomamunka/production/_ext/1886890887/sha.o
 .debug_aranges
                0x00000eb8       0x38 build/Diplomamunka/production/_ext/1886890887/sha256.o
 .debug_aranges
                0x00000ef0       0x18 build/Diplomamunka/production/_ext/1886890887/sha512.o
 .debug_aranges
                0x00000f08       0x40 build/Diplomamunka/production/_ext/1886890887/hmac.o
 .debug_aranges
                0x00000f48       0x68 build/Diplomamunka/production/_ext/1886890887/hash.o
 .debug_aranges
                0x00000fb0       0x18 build/Diplomamunka/production/_ext/1886890887/compress.o
 .debug_aranges
                0x00000fc8       0x78 build/Diplomamunka/production/_ext/1886890887/random.o
 .debug_aranges
                0x00001040      0x128 build/Diplomamunka/production/_ext/1886890887/crypto.o
 .debug_aranges
                0x00001168       0x48 build/Diplomamunka/production/_ext/1886890887/coding.o
 .debug_aranges
                0x000011b0       0x28 build/Diplomamunka/production/_ext/1886890887/error.o
 .debug_aranges
                0x000011d8       0x18 build/Diplomamunka/production/_ext/1886890887/integer.o
 .debug_aranges
                0x000011f0       0x30 build/Diplomamunka/production/_ext/1886890887/logging.o
 .debug_aranges
                0x00001220       0x38 build/Diplomamunka/production/_ext/1886890887/memory.o
 .debug_aranges
                0x00001258       0x18 build/Diplomamunka/production/_ext/1886890887/misc.o
 .debug_aranges
                0x00001270       0x40 build/Diplomamunka/production/_ext/1886890887/port.o
 .debug_aranges
                0x000012b0      0x180 build/Diplomamunka/production/_ext/1908841681/drv_ethmac.o
 .debug_aranges
                0x00001430       0xf0 build/Diplomamunka/production/_ext/1908841681/drv_ethmac_lib.o
 .debug_aranges
                0x00001520      0x280 build/Diplomamunka/production/_ext/732687875/drv_ethphy.o
 .debug_aranges
                0x000017a0       0x30 build/Diplomamunka/production/_ext/732687875/drv_extphy_dp83848.o
 .debug_aranges
                0x000017d0      0x178 build/Diplomamunka/production/_ext/185269848/drv_tmr.o
 .debug_aranges
                0x00001948       0x78 build/Diplomamunka/production/_ext/1271179505/sys_devcon.o
 .debug_aranges
                0x000019c0       0x20 build/Diplomamunka/production/_ext/1271179505/sys_devcon_pic32mx.o
 .debug_aranges
                0x000019e0       0x48 build/Diplomamunka/production/_ext/122796885/sys_int_pic32.o
 .debug_aranges
                0x00001a28      0x100 build/Diplomamunka/production/_ext/77319752/sys_ports.o
 .debug_aranges
                0x00001b28       0x68 build/Diplomamunka/production/_ext/1283840359/sys_random.o
 .debug_aranges
                0x00001b90       0xd0 build/Diplomamunka/production/_ext/1264926591/sys_tmr.o
 .debug_aranges
                0x00001c60       0x58 build/Diplomamunka/production/_ext/1136935090/helpers.o
 .debug_aranges
                0x00001cb8       0x28 build/Diplomamunka/production/_ext/1136935090/lfsr.o
 .debug_aranges
                0x00001ce0      0x210 build/Diplomamunka/production/_ext/1408260596/tcp.o
 .debug_aranges
                0x00001ef0      0x1b0 build/Diplomamunka/production/_ext/1408260596/udp.o
 .debug_aranges
                0x000020a0       0x48 build/Diplomamunka/production/_ext/1408260596/tcpip_heap_alloc.o
 .debug_aranges
                0x000020e8       0x60 build/Diplomamunka/production/_ext/1408260596/tcpip_heap_internal.o
 .debug_aranges
                0x00002148      0x110 build/Diplomamunka/production/_ext/1408260596/arp.o
 .debug_aranges
                0x00002258      0x180 build/Diplomamunka/production/_ext/1408260596/dhcp.o
 .debug_aranges
                0x000023d8      0x140 build/Diplomamunka/production/_ext/1408260596/dns.o
 .debug_aranges
                0x00002518       0x60 build/Diplomamunka/production/_ext/1408260596/icmp.o
 .debug_aranges
                0x00002578       0x48 build/Diplomamunka/production/_ext/1408260596/tcpip_announce.o
 .debug_aranges
                0x000025c0       0x28 build/Diplomamunka/production/_ext/1408260596/hash_fnv.o
 .debug_aranges
                0x000025e8       0x50 build/Diplomamunka/production/_ext/1408260596/oahash.o
 .debug_aranges
                0x00002638      0x200 build/Diplomamunka/production/_ext/1408260596/tcpip_helpers.o
 .debug_aranges
                0x00002838       0x20 build/Diplomamunka/production/_ext/1408260596/tcpip_helper_c32.o
 .debug_aranges
                0x00002858      0x368 build/Diplomamunka/production/_ext/1408260596/tcpip_manager.o
 .debug_aranges
                0x00002bc0       0x40 build/Diplomamunka/production/_ext/1408260596/tcpip_notify.o
 .debug_aranges
                0x00002c00       0x78 build/Diplomamunka/production/_ext/1408260596/tcpip_packet.o
 .debug_aranges
                0x00002c78       0x68 build/Diplomamunka/production/_ext/1408260596/ipv4.o
 .debug_aranges
                0x00002ce0       0x20 c:/program files (x86)/microchip/xc32/v1.42/bin/bin/../../lib/gcc/pic32mx/4.8.3\libgcc.a(_udivdi3.o)
 .debug_aranges
                0x00002d00       0x20 c:/program files (x86)/microchip/xc32/v1.42/bin/bin/../../lib/gcc/pic32mx/4.8.3\libgcc.a(floatunsisf.o)
 .debug_aranges
                0x00002d20       0x20 c:/program files (x86)/microchip/xc32/v1.42/bin/bin/../../lib/gcc/pic32mx/4.8.3/../../../../pic32mx/lib\libpic32.a(default-bootstrap-exception-handler.o)
 .debug_aranges
                0x00002d40       0x20 c:/program files (x86)/microchip/xc32/v1.42/bin/bin/../../lib/gcc/pic32mx/4.8.3/../../../../pic32mx/lib\libpic32.a(default-on-reset.o)
 .debug_aranges
                0x00002d60       0x20 c:/program files (x86)/microchip/xc32/v1.42/bin/bin/../../lib/gcc/pic32mx/4.8.3/../../../../pic32mx/lib\libpic32.a(default-on-bootstrap.o)
 .debug_aranges
                0x00002d80       0x20 c:/program files (x86)/microchip/xc32/v1.42/bin/bin/../../lib/gcc/pic32mx/4.8.3/../../../../pic32mx/lib\libpic32.a(defaultinterrupt.o)
 .debug_aranges
                0x00002da0       0x20 c:/program files (x86)/microchip/xc32/v1.42/bin/bin/../../lib/gcc/pic32mx/4.8.3/../../../../pic32mx/lib\libc.a(calloc.o)
 .debug_aranges
                0x00002dc0       0x40 c:/program files (x86)/microchip/xc32/v1.42/bin/bin/../../lib/gcc/pic32mx/4.8.3/../../../../pic32mx/lib\libc.a(ctime.o)
 .debug_aranges
                0x00002e00       0xa0 c:/program files (x86)/microchip/xc32/v1.42/bin/bin/../../lib/gcc/pic32mx/4.8.3/../../../../pic32mx/lib\libc.a(ctypef.o)
 .debug_aranges
                0x00002ea0       0x30 c:/program files (x86)/microchip/xc32/v1.42/bin/bin/../../lib/gcc/pic32mx/4.8.3/../../../../pic32mx/lib\libc.a(malloc.o)
 .debug_aranges
                0x00002ed0       0x20 c:/program files (x86)/microchip/xc32/v1.42/bin/bin/../../lib/gcc/pic32mx/4.8.3/../../../../pic32mx/lib\libc.a(memmove.o)
 .debug_aranges
                0x00002ef0       0x28 c:/program files (x86)/microchip/xc32/v1.42/bin/bin/../../lib/gcc/pic32mx/4.8.3/../../../../pic32mx/lib\libc.a(rand.o)
 .debug_aranges
                0x00002f18       0x20 c:/program files (x86)/microchip/xc32/v1.42/bin/bin/../../lib/gcc/pic32mx/4.8.3/../../../../pic32mx/lib\libc.a(strcat.o)
 .debug_aranges
                0x00002f38       0x20 c:/program files (x86)/microchip/xc32/v1.42/bin/bin/../../lib/gcc/pic32mx/4.8.3/../../../../pic32mx/lib\libc.a(strncpy.o)
 .debug_aranges
                0x00002f58       0x20 c:/program files (x86)/microchip/xc32/v1.42/bin/bin/../../lib/gcc/pic32mx/4.8.3/../../../../pic32mx/lib\libc.a(strstr.o)
 .debug_aranges
                0x00002f78       0x28 c:/program files (x86)/microchip/xc32/v1.42/bin/bin/../../lib/gcc/pic32mx/4.8.3/../../../../pic32mx/lib\libc.a(strtol.o)
 .debug_aranges
                0x00002fa0       0x20 c:/program files (x86)/microchip/xc32/v1.42/bin/bin/../../lib/gcc/pic32mx/4.8.3/../../../../pic32mx/lib\libc.a(time.o)
 .debug_aranges
                0x00002fc0       0x20 c:/program files (x86)/microchip/xc32/v1.42/bin/bin/../../lib/gcc/pic32mx/4.8.3/../../../../pic32mx/lib\libc.a(sprintf_cdnopuxX.eo)
 .debug_aranges
                0x00002fe0       0x20 c:/program files (x86)/microchip/xc32/v1.42/bin/bin/../../lib/gcc/pic32mx/4.8.3/../../../../pic32mx/lib\libc.a(strchr.o)
 .debug_aranges
                0x00003000       0x20 c:/program files (x86)/microchip/xc32/v1.42/bin/bin/../../lib/gcc/pic32mx/4.8.3/../../../../pic32mx/lib\libc.a(strncmp.o)
 .debug_aranges
                0x00003020       0x20 c:/program files (x86)/microchip/xc32/v1.42/bin/bin/../../lib/gcc/pic32mx/4.8.3/../../../../pic32mx/lib\libc.a(doprnt_cdnopuxX.eo)
 .debug_aranges
                0x00003040       0x20 c:/program files (x86)/microchip/xc32/v1.42/bin/bin/../../lib/gcc/pic32mx/4.8.3/../../../../pic32mx/lib\libc.a(_fputc_simple.o)
 .debug_aranges
                0x00003060       0x20 c:/program files (x86)/microchip/xc32/v1.42/bin/bin/../../lib/gcc/pic32mx/4.8.3/../../../../pic32mx/lib\libc.a(_flsbuf_simple.o)
 .debug_aranges
                0x00003080       0x40 c:/program files (x86)/microchip/xc32/v1.42/bin/bin/../../lib/gcc/pic32mx/4.8.3/../../../../pic32mx/lib\libpic32.a(sbrk.o)
 .debug_aranges
                0x000030c0       0x20 c:/program files (x86)/microchip/xc32/v1.42/bin/bin/../../lib/gcc/pic32mx/4.8.3/../../../../pic32mx/lib\libpic32.a(write.o)
 .debug_aranges
                0x000030e0       0x20 c:/program files (x86)/microchip/xc32/v1.42/bin/bin/../../lib/gcc/pic32mx/4.8.3/../../../../pic32mx/lib\libpic32.a(_mon_putc.o)
 .debug_aranges
                0x00003100       0x20 c:/program files (x86)/microchip/xc32/v1.42/bin/bin/../../lib/gcc/pic32mx/4.8.3\libgcc.a(_umoddi3.o)

.debug_pubnames
 *(.debug_pubnames)

.debug_info     0x00000000    0xd0a9e
 *(.debug_info .gnu.linkonce.wi.*)
 .debug_info    0x00000000     0x526c build/Diplomamunka/production/_ext/1774832663/drv_i2c_static_buffer_model.o
 .debug_info    0x0000526c     0x10e8 build/Diplomamunka/production/_ext/1774832663/drv_i2c_mapping.o
 .debug_info    0x00006354     0x2837 build/Diplomamunka/production/_ext/793758023/drv_ic_static.o
 .debug_info    0x00008b8b     0x19b8 build/Diplomamunka/production/_ext/965532929/drv_oc_static.o
 .debug_info    0x0000a543     0x1b7a build/Diplomamunka/production/_ext/1892475994/sys_clk_static.o
 .debug_info    0x0000c0bd     0x1199 build/Diplomamunka/production/_ext/904121046/sys_ports_static.o
 .debug_info    0x0000d256     0x66b2 build/Diplomamunka/production/_ext/1720293489/system_init.o
 .debug_info    0x00013908     0x1d9d build/Diplomamunka/production/_ext/1720293489/system_interrupt.o
 .debug_info    0x000156a5      0xef3 build/Diplomamunka/production/_ext/1720293489/system_exceptions.o
 .debug_info    0x00016598      0xfc4 build/Diplomamunka/production/_ext/1720293489/system_tasks.o
 .debug_info    0x0001755c     0x1fff build/Diplomamunka/production/_ext/1360937237/app.o
 .debug_info    0x0001955b      0x1ad build/Diplomamunka/production/_ext/1360937237/main.o
 .debug_info    0x00019708     0x184e build/Diplomamunka/production/_ext/1360937237/TCPServer.o
 .debug_info    0x0001af56     0x27ef build/Diplomamunka/production/_ext/1360937237/fan.o
 .debug_info    0x0001d745     0x134e build/Diplomamunka/production/_ext/1360937237/led.o
 .debug_info    0x0001ea93      0xfec build/Diplomamunka/production/_ext/1837361561/bsp_sys_init.o
 .debug_info    0x0001fa7f      0x39a build/Diplomamunka/production/_ext/1606841020/adler32.o
 .debug_info    0x0001fe19      0x5f1 build/Diplomamunka/production/_ext/1606841020/compress.o
 .debug_info    0x0002040a      0x624 build/Diplomamunka/production/_ext/1606841020/crc32.o
 .debug_info    0x00020a2e     0x243e build/Diplomamunka/production/_ext/1606841020/deflate.o
 .debug_info    0x00022e6c     0x17b8 build/Diplomamunka/production/_ext/1606841020/infback.o
 .debug_info    0x00024624      0xa0f build/Diplomamunka/production/_ext/1606841020/inffast.o
 .debug_info    0x00025033     0x1f00 build/Diplomamunka/production/_ext/1606841020/inflate.o
 .debug_info    0x00026f33      0x4a3 build/Diplomamunka/production/_ext/1606841020/inftrees.o
 .debug_info    0x000273d6     0x1f29 build/Diplomamunka/production/_ext/1606841020/trees.o
 .debug_info    0x000292ff      0x511 build/Diplomamunka/production/_ext/1606841020/uncompr.o
 .debug_info    0x00029810      0x34f build/Diplomamunka/production/_ext/1606841020/zutil.o
 .debug_info    0x00029b5f      0x359 build/Diplomamunka/production/_ext/1886890887/ecc.o
 .debug_info    0x00029eb8     0x2896 build/Diplomamunka/production/_ext/1886890887/ssl-dummy.o
 .debug_info    0x0002c74e      0x5c1 build/Diplomamunka/production/_ext/1886890887/arc4.o
 .debug_info    0x0002cd0f     0x2674 build/Diplomamunka/production/_ext/1886890887/pwdbased.o
 .debug_info    0x0002f383     0x35c4 build/Diplomamunka/production/_ext/1886890887/tfm.o
 .debug_info    0x00032947     0x8a55 build/Diplomamunka/production/_ext/1886890887/asn.o
 .debug_info    0x0003b39c     0x187e build/Diplomamunka/production/_ext/1886890887/des3.o
 .debug_info    0x0003cc1a     0x23ac build/Diplomamunka/production/_ext/1886890887/rsa.o
 .debug_info    0x0003efc6     0x19a8 build/Diplomamunka/production/_ext/1886890887/aes.o
 .debug_info    0x0004096e     0x10dd build/Diplomamunka/production/_ext/1886890887/md5.o
 .debug_info    0x00041a4b     0x28b8 build/Diplomamunka/production/_ext/1886890887/sha.o
 .debug_info    0x00044303     0x12e1 build/Diplomamunka/production/_ext/1886890887/sha256.o
 .debug_info    0x000455e4      0x35c build/Diplomamunka/production/_ext/1886890887/sha512.o
 .debug_info    0x00045940     0x15af build/Diplomamunka/production/_ext/1886890887/hmac.o
 .debug_info    0x00046eef     0x1398 build/Diplomamunka/production/_ext/1886890887/hash.o
 .debug_info    0x00048287      0x35e build/Diplomamunka/production/_ext/1886890887/compress.o
 .debug_info    0x000485e5     0x26ff build/Diplomamunka/production/_ext/1886890887/random.o
 .debug_info    0x0004ace4     0x2ba3 build/Diplomamunka/production/_ext/1886890887/crypto.o
 .debug_info    0x0004d887     0x1493 build/Diplomamunka/production/_ext/1886890887/coding.o
 .debug_info    0x0004ed1a      0xb93 build/Diplomamunka/production/_ext/1886890887/error.o
 .debug_info    0x0004f8ad      0x35d build/Diplomamunka/production/_ext/1886890887/integer.o
 .debug_info    0x0004fc0a      0xb4f build/Diplomamunka/production/_ext/1886890887/logging.o
 .debug_info    0x00050759      0xe75 build/Diplomamunka/production/_ext/1886890887/memory.o
 .debug_info    0x000515ce      0x35a build/Diplomamunka/production/_ext/1886890887/misc.o
 .debug_info    0x00051928      0x46e build/Diplomamunka/production/_ext/1886890887/port.o
 .debug_info    0x00051d96     0x995f build/Diplomamunka/production/_ext/1908841681/drv_ethmac.o
 .debug_info    0x0005b6f5     0x8ead build/Diplomamunka/production/_ext/1908841681/drv_ethmac_lib.o